Archive member included to satisfy reference by file (symbol)

C:\Users\mw\Documents\Atmel Studio\7.0\EEPROM_ARDUINO\EEPROM_ARDUINO\ArduinoCore\Debug\libArduinoCore.a(HardwareSerial.o)
                              Sketch.o (_ZN14HardwareSerial5beginEmh)
C:\Users\mw\Documents\Atmel Studio\7.0\EEPROM_ARDUINO\EEPROM_ARDUINO\ArduinoCore\Debug\libArduinoCore.a(HardwareSerial0.o)
                              Sketch.o (Serial)
C:\Users\mw\Documents\Atmel Studio\7.0\EEPROM_ARDUINO\EEPROM_ARDUINO\ArduinoCore\Debug\libArduinoCore.a(main.o)
                              C:/Program Files (x86)/Atmel/Studio/7.0/Packs/atmel/ATmega_DFP/1.2.209/gcc/dev/atmega644p/avr5/crtatmega644p.o (main)
C:\Users\mw\Documents\Atmel Studio\7.0\EEPROM_ARDUINO\EEPROM_ARDUINO\ArduinoCore\Debug\libArduinoCore.a(Print.o)
                              C:\Users\mw\Documents\Atmel Studio\7.0\EEPROM_ARDUINO\EEPROM_ARDUINO\ArduinoCore\Debug\libArduinoCore.a(HardwareSerial.o) (_ZN5Print5writeEPKhj)
C:\Users\mw\Documents\Atmel Studio\7.0\EEPROM_ARDUINO\EEPROM_ARDUINO\ArduinoCore\Debug\libArduinoCore.a(wiring.o)
                              C:\Users\mw\Documents\Atmel Studio\7.0\EEPROM_ARDUINO\EEPROM_ARDUINO\ArduinoCore\Debug\libArduinoCore.a(main.o) (init)
C:\Users\mw\Documents\Atmel Studio\7.0\EEPROM_ARDUINO\EEPROM_ARDUINO\ArduinoCore\Debug\libArduinoCore.a(abi.o)
                              C:\Users\mw\Documents\Atmel Studio\7.0\EEPROM_ARDUINO\EEPROM_ARDUINO\ArduinoCore\Debug\libArduinoCore.a(Print.o) (__cxa_pure_virtual)
C:\Users\mw\Documents\Atmel Studio\7.0\EEPROM_ARDUINO\EEPROM_ARDUINO\ArduinoCore\Debug\libArduinoCore.a(hooks.o)
                              C:\Users\mw\Documents\Atmel Studio\7.0\EEPROM_ARDUINO\EEPROM_ARDUINO\ArduinoCore\Debug\libArduinoCore.a(wiring.o) (yield)
c:/program files (x86)/atmel/studio/7.0/toolchain/avr8/avr8-gnu-toolchain/bin/../lib/gcc/avr/5.4.0/../../../../avr/lib/avr5\libm.a(addsf3.o)
                              C:\Users\mw\Documents\Atmel Studio\7.0\EEPROM_ARDUINO\EEPROM_ARDUINO\ArduinoCore\Debug\libArduinoCore.a(Print.o) (__subsf3)
c:/program files (x86)/atmel/studio/7.0/toolchain/avr8/avr8-gnu-toolchain/bin/../lib/gcc/avr/5.4.0/../../../../avr/lib/avr5\libm.a(addsf3x.o)
                              c:/program files (x86)/atmel/studio/7.0/toolchain/avr8/avr8-gnu-toolchain/bin/../lib/gcc/avr/5.4.0/../../../../avr/lib/avr5\libm.a(addsf3.o) (__addsf3x)
c:/program files (x86)/atmel/studio/7.0/toolchain/avr8/avr8-gnu-toolchain/bin/../lib/gcc/avr/5.4.0/../../../../avr/lib/avr5\libm.a(cmpsf2.o)
                              C:\Users\mw\Documents\Atmel Studio\7.0\EEPROM_ARDUINO\EEPROM_ARDUINO\ArduinoCore\Debug\libArduinoCore.a(Print.o) (__ltsf2)
c:/program files (x86)/atmel/studio/7.0/toolchain/avr8/avr8-gnu-toolchain/bin/../lib/gcc/avr/5.4.0/../../../../avr/lib/avr5\libm.a(divsf3.o)
                              C:\Users\mw\Documents\Atmel Studio\7.0\EEPROM_ARDUINO\EEPROM_ARDUINO\ArduinoCore\Debug\libArduinoCore.a(Print.o) (__divsf3)
c:/program files (x86)/atmel/studio/7.0/toolchain/avr8/avr8-gnu-toolchain/bin/../lib/gcc/avr/5.4.0/../../../../avr/lib/avr5\libm.a(divsf3x.o)
                              c:/program files (x86)/atmel/studio/7.0/toolchain/avr8/avr8-gnu-toolchain/bin/../lib/gcc/avr/5.4.0/../../../../avr/lib/avr5\libm.a(divsf3.o) (__divsf3x)
c:/program files (x86)/atmel/studio/7.0/toolchain/avr8/avr8-gnu-toolchain/bin/../lib/gcc/avr/5.4.0/../../../../avr/lib/avr5\libm.a(fixunssfsi.o)
                              C:\Users\mw\Documents\Atmel Studio\7.0\EEPROM_ARDUINO\EEPROM_ARDUINO\ArduinoCore\Debug\libArduinoCore.a(Print.o) (__fixunssfsi)
c:/program files (x86)/atmel/studio/7.0/toolchain/avr8/avr8-gnu-toolchain/bin/../lib/gcc/avr/5.4.0/../../../../avr/lib/avr5\libm.a(floatsisf.o)
                              C:\Users\mw\Documents\Atmel Studio\7.0\EEPROM_ARDUINO\EEPROM_ARDUINO\ArduinoCore\Debug\libArduinoCore.a(Print.o) (__floatunsisf)
c:/program files (x86)/atmel/studio/7.0/toolchain/avr8/avr8-gnu-toolchain/bin/../lib/gcc/avr/5.4.0/../../../../avr/lib/avr5\libm.a(fp_cmp.o)
                              c:/program files (x86)/atmel/studio/7.0/toolchain/avr8/avr8-gnu-toolchain/bin/../lib/gcc/avr/5.4.0/../../../../avr/lib/avr5\libm.a(cmpsf2.o) (__fp_cmp)
c:/program files (x86)/atmel/studio/7.0/toolchain/avr8/avr8-gnu-toolchain/bin/../lib/gcc/avr/5.4.0/../../../../avr/lib/avr5\libm.a(fp_inf.o)
                              c:/program files (x86)/atmel/studio/7.0/toolchain/avr8/avr8-gnu-toolchain/bin/../lib/gcc/avr/5.4.0/../../../../avr/lib/avr5\libm.a(addsf3x.o) (__fp_inf)
c:/program files (x86)/atmel/studio/7.0/toolchain/avr8/avr8-gnu-toolchain/bin/../lib/gcc/avr/5.4.0/../../../../avr/lib/avr5\libm.a(fp_nan.o)
                              c:/program files (x86)/atmel/studio/7.0/toolchain/avr8/avr8-gnu-toolchain/bin/../lib/gcc/avr/5.4.0/../../../../avr/lib/avr5\libm.a(addsf3x.o) (__fp_nan)
c:/program files (x86)/atmel/studio/7.0/toolchain/avr8/avr8-gnu-toolchain/bin/../lib/gcc/avr/5.4.0/../../../../avr/lib/avr5\libm.a(fp_pscA.o)
                              c:/program files (x86)/atmel/studio/7.0/toolchain/avr8/avr8-gnu-toolchain/bin/../lib/gcc/avr/5.4.0/../../../../avr/lib/avr5\libm.a(addsf3x.o) (__fp_pscA)
c:/program files (x86)/atmel/studio/7.0/toolchain/avr8/avr8-gnu-toolchain/bin/../lib/gcc/avr/5.4.0/../../../../avr/lib/avr5\libm.a(fp_pscB.o)
                              c:/program files (x86)/atmel/studio/7.0/toolchain/avr8/avr8-gnu-toolchain/bin/../lib/gcc/avr/5.4.0/../../../../avr/lib/avr5\libm.a(addsf3x.o) (__fp_pscB)
c:/program files (x86)/atmel/studio/7.0/toolchain/avr8/avr8-gnu-toolchain/bin/../lib/gcc/avr/5.4.0/../../../../avr/lib/avr5\libm.a(fp_round.o)
                              c:/program files (x86)/atmel/studio/7.0/toolchain/avr8/avr8-gnu-toolchain/bin/../lib/gcc/avr/5.4.0/../../../../avr/lib/avr5\libm.a(addsf3.o) (__fp_round)
c:/program files (x86)/atmel/studio/7.0/toolchain/avr8/avr8-gnu-toolchain/bin/../lib/gcc/avr/5.4.0/../../../../avr/lib/avr5\libm.a(fp_split3.o)
                              c:/program files (x86)/atmel/studio/7.0/toolchain/avr8/avr8-gnu-toolchain/bin/../lib/gcc/avr/5.4.0/../../../../avr/lib/avr5\libm.a(addsf3x.o) (__fp_split3)
c:/program files (x86)/atmel/studio/7.0/toolchain/avr8/avr8-gnu-toolchain/bin/../lib/gcc/avr/5.4.0/../../../../avr/lib/avr5\libm.a(fp_zero.o)
                              c:/program files (x86)/atmel/studio/7.0/toolchain/avr8/avr8-gnu-toolchain/bin/../lib/gcc/avr/5.4.0/../../../../avr/lib/avr5\libm.a(addsf3x.o) (__fp_zero)
c:/program files (x86)/atmel/studio/7.0/toolchain/avr8/avr8-gnu-toolchain/bin/../lib/gcc/avr/5.4.0/../../../../avr/lib/avr5\libm.a(gesf2.o)
                              C:\Users\mw\Documents\Atmel Studio\7.0\EEPROM_ARDUINO\EEPROM_ARDUINO\ArduinoCore\Debug\libArduinoCore.a(Print.o) (__gtsf2)
c:/program files (x86)/atmel/studio/7.0/toolchain/avr8/avr8-gnu-toolchain/bin/../lib/gcc/avr/5.4.0/../../../../avr/lib/avr5\libm.a(mulsf3.o)
                              C:\Users\mw\Documents\Atmel Studio\7.0\EEPROM_ARDUINO\EEPROM_ARDUINO\ArduinoCore\Debug\libArduinoCore.a(Print.o) (__mulsf3)
c:/program files (x86)/atmel/studio/7.0/toolchain/avr8/avr8-gnu-toolchain/bin/../lib/gcc/avr/5.4.0/../../../../avr/lib/avr5\libm.a(mulsf3x.o)
                              c:/program files (x86)/atmel/studio/7.0/toolchain/avr8/avr8-gnu-toolchain/bin/../lib/gcc/avr/5.4.0/../../../../avr/lib/avr5\libm.a(mulsf3.o) (__mulsf3x)
c:/program files (x86)/atmel/studio/7.0/toolchain/avr8/avr8-gnu-toolchain/bin/../lib/gcc/avr/5.4.0/../../../../avr/lib/avr5\libm.a(unordsf2.o)
                              C:\Users\mw\Documents\Atmel Studio\7.0\EEPROM_ARDUINO\EEPROM_ARDUINO\ArduinoCore\Debug\libArduinoCore.a(Print.o) (__unordsf2)
c:/program files (x86)/atmel/studio/7.0/toolchain/avr8/avr8-gnu-toolchain/bin/../lib/gcc/avr/5.4.0/avr5\libgcc.a(_udivmodsi4.o)
                              C:\Users\mw\Documents\Atmel Studio\7.0\EEPROM_ARDUINO\EEPROM_ARDUINO\ArduinoCore\Debug\libArduinoCore.a(HardwareSerial.o) (__udivmodsi4)
c:/program files (x86)/atmel/studio/7.0/toolchain/avr8/avr8-gnu-toolchain/bin/../lib/gcc/avr/5.4.0/avr5\libgcc.a(_exit.o)
                              C:/Program Files (x86)/Atmel/Studio/7.0/Packs/atmel/ATmega_DFP/1.2.209/gcc/dev/atmega644p/avr5/crtatmega644p.o (exit)
c:/program files (x86)/atmel/studio/7.0/toolchain/avr8/avr8-gnu-toolchain/bin/../lib/gcc/avr/5.4.0/avr5\libgcc.a(_copy_data.o)
                              Sketch.o (__do_copy_data)
c:/program files (x86)/atmel/studio/7.0/toolchain/avr8/avr8-gnu-toolchain/bin/../lib/gcc/avr/5.4.0/avr5\libgcc.a(_clear_bss.o)
                              C:\Users\mw\Documents\Atmel Studio\7.0\EEPROM_ARDUINO\EEPROM_ARDUINO\ArduinoCore\Debug\libArduinoCore.a(HardwareSerial0.o) (__do_clear_bss)
c:/program files (x86)/atmel/studio/7.0/toolchain/avr8/avr8-gnu-toolchain/bin/../lib/gcc/avr/5.4.0/avr5\libgcc.a(_ctors.o)
                              C:\Users\mw\Documents\Atmel Studio\7.0\EEPROM_ARDUINO\EEPROM_ARDUINO\ArduinoCore\Debug\libArduinoCore.a(HardwareSerial0.o) (__do_global_ctors)
c:/program files (x86)/atmel/studio/7.0/toolchain/avr8/avr8-gnu-toolchain/bin/../lib/gcc/avr/5.4.0/avr5\libgcc.a(_tablejump2.o)
                              c:/program files (x86)/atmel/studio/7.0/toolchain/avr8/avr8-gnu-toolchain/bin/../lib/gcc/avr/5.4.0/avr5\libgcc.a(_ctors.o) (__tablejump2__)
c:/program files (x86)/atmel/studio/7.0/toolchain/avr8/avr8-gnu-toolchain/bin/../lib/gcc/avr/5.4.0/../../../../avr/lib/avr5\libc.a(abort.o)
                              C:\Users\mw\Documents\Atmel Studio\7.0\EEPROM_ARDUINO\EEPROM_ARDUINO\ArduinoCore\Debug\libArduinoCore.a(abi.o) (abort)

Discarded input sections

 .data          0x00000000        0x0 C:/Program Files (x86)/Atmel/Studio/7.0/Packs/atmel/ATmega_DFP/1.2.209/gcc/dev/atmega644p/avr5/crtatmega644p.o
 .bss           0x00000000        0x0 C:/Program Files (x86)/Atmel/Studio/7.0/Packs/atmel/ATmega_DFP/1.2.209/gcc/dev/atmega644p/avr5/crtatmega644p.o
 .text          0x00000000        0x0 Sketch.o
 .data          0x00000000        0x0 Sketch.o
 .bss           0x00000000        0x0 Sketch.o
 .text._Z12readMEMblockjPhj
                0x00000000       0x68 Sketch.o
 .text._Z13writeMEMblockjPhj
                0x00000000       0x64 Sketch.o
 .text._Z6readIDv
                0x00000000       0x56 Sketch.o
 .group         0x00000000        0x8 C:\Users\mw\Documents\Atmel Studio\7.0\EEPROM_ARDUINO\EEPROM_ARDUINO\ArduinoCore\Debug\libArduinoCore.a(HardwareSerial.o)
 .text          0x00000000        0x0 C:\Users\mw\Documents\Atmel Studio\7.0\EEPROM_ARDUINO\EEPROM_ARDUINO\ArduinoCore\Debug\libArduinoCore.a(HardwareSerial.o)
 .data          0x00000000        0x0 C:\Users\mw\Documents\Atmel Studio\7.0\EEPROM_ARDUINO\EEPROM_ARDUINO\ArduinoCore\Debug\libArduinoCore.a(HardwareSerial.o)
 .bss           0x00000000        0x0 C:\Users\mw\Documents\Atmel Studio\7.0\EEPROM_ARDUINO\EEPROM_ARDUINO\ArduinoCore\Debug\libArduinoCore.a(HardwareSerial.o)
 .text._ZN14HardwareSerial3endEv
                0x00000000       0x44 C:\Users\mw\Documents\Atmel Studio\7.0\EEPROM_ARDUINO\EEPROM_ARDUINO\ArduinoCore\Debug\libArduinoCore.a(HardwareSerial.o)
 .group         0x00000000        0x8 C:\Users\mw\Documents\Atmel Studio\7.0\EEPROM_ARDUINO\EEPROM_ARDUINO\ArduinoCore\Debug\libArduinoCore.a(HardwareSerial0.o)
 .group         0x00000000        0x8 C:\Users\mw\Documents\Atmel Studio\7.0\EEPROM_ARDUINO\EEPROM_ARDUINO\ArduinoCore\Debug\libArduinoCore.a(HardwareSerial0.o)
 .text          0x00000000        0x0 C:\Users\mw\Documents\Atmel Studio\7.0\EEPROM_ARDUINO\EEPROM_ARDUINO\ArduinoCore\Debug\libArduinoCore.a(HardwareSerial0.o)
 .data          0x00000000        0x0 C:\Users\mw\Documents\Atmel Studio\7.0\EEPROM_ARDUINO\EEPROM_ARDUINO\ArduinoCore\Debug\libArduinoCore.a(HardwareSerial0.o)
 .bss           0x00000000        0x0 C:\Users\mw\Documents\Atmel Studio\7.0\EEPROM_ARDUINO\EEPROM_ARDUINO\ArduinoCore\Debug\libArduinoCore.a(HardwareSerial0.o)
 .text._ZN5Print17availableForWriteEv
                0x00000000        0x6 C:\Users\mw\Documents\Atmel Studio\7.0\EEPROM_ARDUINO\EEPROM_ARDUINO\ArduinoCore\Debug\libArduinoCore.a(HardwareSerial0.o)
 .text._ZN5Print5flushEv
                0x00000000        0x2 C:\Users\mw\Documents\Atmel Studio\7.0\EEPROM_ARDUINO\EEPROM_ARDUINO\ArduinoCore\Debug\libArduinoCore.a(HardwareSerial0.o)
 .text          0x00000000        0x0 C:\Users\mw\Documents\Atmel Studio\7.0\EEPROM_ARDUINO\EEPROM_ARDUINO\ArduinoCore\Debug\libArduinoCore.a(main.o)
 .data          0x00000000        0x0 C:\Users\mw\Documents\Atmel Studio\7.0\EEPROM_ARDUINO\EEPROM_ARDUINO\ArduinoCore\Debug\libArduinoCore.a(main.o)
 .bss           0x00000000        0x0 C:\Users\mw\Documents\Atmel Studio\7.0\EEPROM_ARDUINO\EEPROM_ARDUINO\ArduinoCore\Debug\libArduinoCore.a(main.o)
 .text.atexit   0x00000000        0x6 C:\Users\mw\Documents\Atmel Studio\7.0\EEPROM_ARDUINO\EEPROM_ARDUINO\ArduinoCore\Debug\libArduinoCore.a(main.o)
 .text._Z8setupUSBv
                0x00000000        0x2 C:\Users\mw\Documents\Atmel Studio\7.0\EEPROM_ARDUINO\EEPROM_ARDUINO\ArduinoCore\Debug\libArduinoCore.a(main.o)
 .group         0x00000000        0x8 C:\Users\mw\Documents\Atmel Studio\7.0\EEPROM_ARDUINO\EEPROM_ARDUINO\ArduinoCore\Debug\libArduinoCore.a(Print.o)
 .group         0x00000000        0x8 C:\Users\mw\Documents\Atmel Studio\7.0\EEPROM_ARDUINO\EEPROM_ARDUINO\ArduinoCore\Debug\libArduinoCore.a(Print.o)
 .group         0x00000000        0x8 C:\Users\mw\Documents\Atmel Studio\7.0\EEPROM_ARDUINO\EEPROM_ARDUINO\ArduinoCore\Debug\libArduinoCore.a(Print.o)
 .group         0x00000000        0x8 C:\Users\mw\Documents\Atmel Studio\7.0\EEPROM_ARDUINO\EEPROM_ARDUINO\ArduinoCore\Debug\libArduinoCore.a(Print.o)
 .text          0x00000000        0x0 C:\Users\mw\Documents\Atmel Studio\7.0\EEPROM_ARDUINO\EEPROM_ARDUINO\ArduinoCore\Debug\libArduinoCore.a(Print.o)
 .data          0x00000000        0x0 C:\Users\mw\Documents\Atmel Studio\7.0\EEPROM_ARDUINO\EEPROM_ARDUINO\ArduinoCore\Debug\libArduinoCore.a(Print.o)
 .bss           0x00000000        0x0 C:\Users\mw\Documents\Atmel Studio\7.0\EEPROM_ARDUINO\EEPROM_ARDUINO\ArduinoCore\Debug\libArduinoCore.a(Print.o)
 .text._ZN5Print17availableForWriteEv
                0x00000000        0x6 C:\Users\mw\Documents\Atmel Studio\7.0\EEPROM_ARDUINO\EEPROM_ARDUINO\ArduinoCore\Debug\libArduinoCore.a(Print.o)
 .text._ZN5Print5flushEv
                0x00000000        0x2 C:\Users\mw\Documents\Atmel Studio\7.0\EEPROM_ARDUINO\EEPROM_ARDUINO\ArduinoCore\Debug\libArduinoCore.a(Print.o)
 .text._ZN5Print5printEPK19__FlashStringHelper
                0x00000000       0x48 C:\Users\mw\Documents\Atmel Studio\7.0\EEPROM_ARDUINO\EEPROM_ARDUINO\ArduinoCore\Debug\libArduinoCore.a(Print.o)
 .text._ZN5Print5printERK6String
                0x00000000       0x1c C:\Users\mw\Documents\Atmel Studio\7.0\EEPROM_ARDUINO\EEPROM_ARDUINO\ArduinoCore\Debug\libArduinoCore.a(Print.o)
 .text._ZN5Print5printEc
                0x00000000        0xe C:\Users\mw\Documents\Atmel Studio\7.0\EEPROM_ARDUINO\EEPROM_ARDUINO\ArduinoCore\Debug\libArduinoCore.a(Print.o)
 .text._ZN5Print5printERK9Printable
                0x00000000       0x14 C:\Users\mw\Documents\Atmel Studio\7.0\EEPROM_ARDUINO\EEPROM_ARDUINO\ArduinoCore\Debug\libArduinoCore.a(Print.o)
 .text._ZN5Print7printlnEPK19__FlashStringHelper
                0x00000000       0x24 C:\Users\mw\Documents\Atmel Studio\7.0\EEPROM_ARDUINO\EEPROM_ARDUINO\ArduinoCore\Debug\libArduinoCore.a(Print.o)
 .text._ZN5Print7printlnERK6String
                0x00000000       0x24 C:\Users\mw\Documents\Atmel Studio\7.0\EEPROM_ARDUINO\EEPROM_ARDUINO\ArduinoCore\Debug\libArduinoCore.a(Print.o)
 .text._ZN5Print7printlnEc
                0x00000000       0x24 C:\Users\mw\Documents\Atmel Studio\7.0\EEPROM_ARDUINO\EEPROM_ARDUINO\ArduinoCore\Debug\libArduinoCore.a(Print.o)
 .text._ZN5Print7printlnERK9Printable
                0x00000000       0x24 C:\Users\mw\Documents\Atmel Studio\7.0\EEPROM_ARDUINO\EEPROM_ARDUINO\ArduinoCore\Debug\libArduinoCore.a(Print.o)
 .text._ZN5Print7printlnEhi
                0x00000000       0x24 C:\Users\mw\Documents\Atmel Studio\7.0\EEPROM_ARDUINO\EEPROM_ARDUINO\ArduinoCore\Debug\libArduinoCore.a(Print.o)
 .text._ZN5Print7printlnEji
                0x00000000       0x24 C:\Users\mw\Documents\Atmel Studio\7.0\EEPROM_ARDUINO\EEPROM_ARDUINO\ArduinoCore\Debug\libArduinoCore.a(Print.o)
 .text._ZN5Print7printlnEmi
                0x00000000       0x24 C:\Users\mw\Documents\Atmel Studio\7.0\EEPROM_ARDUINO\EEPROM_ARDUINO\ArduinoCore\Debug\libArduinoCore.a(Print.o)
 .text._ZN5Print5printEli
                0x00000000       0x90 C:\Users\mw\Documents\Atmel Studio\7.0\EEPROM_ARDUINO\EEPROM_ARDUINO\ArduinoCore\Debug\libArduinoCore.a(Print.o)
 .text._ZN5Print5printEii
                0x00000000        0xe C:\Users\mw\Documents\Atmel Studio\7.0\EEPROM_ARDUINO\EEPROM_ARDUINO\ArduinoCore\Debug\libArduinoCore.a(Print.o)
 .text._ZN5Print7printlnEii
                0x00000000       0x24 C:\Users\mw\Documents\Atmel Studio\7.0\EEPROM_ARDUINO\EEPROM_ARDUINO\ArduinoCore\Debug\libArduinoCore.a(Print.o)
 .text._ZN5Print7printlnEli
                0x00000000       0x24 C:\Users\mw\Documents\Atmel Studio\7.0\EEPROM_ARDUINO\EEPROM_ARDUINO\ArduinoCore\Debug\libArduinoCore.a(Print.o)
 .text._ZN5Print10printFloatEdh
                0x00000000      0x1b6 C:\Users\mw\Documents\Atmel Studio\7.0\EEPROM_ARDUINO\EEPROM_ARDUINO\ArduinoCore\Debug\libArduinoCore.a(Print.o)
 .text._ZN5Print5printEdi
                0x00000000        0x4 C:\Users\mw\Documents\Atmel Studio\7.0\EEPROM_ARDUINO\EEPROM_ARDUINO\ArduinoCore\Debug\libArduinoCore.a(Print.o)
 .text._ZN5Print7printlnEdi
                0x00000000       0x24 C:\Users\mw\Documents\Atmel Studio\7.0\EEPROM_ARDUINO\EEPROM_ARDUINO\ArduinoCore\Debug\libArduinoCore.a(Print.o)
 .rodata._ZTV5Print
                0x00000000        0xc C:\Users\mw\Documents\Atmel Studio\7.0\EEPROM_ARDUINO\EEPROM_ARDUINO\ArduinoCore\Debug\libArduinoCore.a(Print.o)
 .text          0x00000000        0x0 C:\Users\mw\Documents\Atmel Studio\7.0\EEPROM_ARDUINO\EEPROM_ARDUINO\ArduinoCore\Debug\libArduinoCore.a(wiring.o)
 .data          0x00000000        0x0 C:\Users\mw\Documents\Atmel Studio\7.0\EEPROM_ARDUINO\EEPROM_ARDUINO\ArduinoCore\Debug\libArduinoCore.a(wiring.o)
 .bss           0x00000000        0x0 C:\Users\mw\Documents\Atmel Studio\7.0\EEPROM_ARDUINO\EEPROM_ARDUINO\ArduinoCore\Debug\libArduinoCore.a(wiring.o)
 .text.millis   0x00000000       0x18 C:\Users\mw\Documents\Atmel Studio\7.0\EEPROM_ARDUINO\EEPROM_ARDUINO\ArduinoCore\Debug\libArduinoCore.a(wiring.o)
 .text.micros   0x00000000       0x4a C:\Users\mw\Documents\Atmel Studio\7.0\EEPROM_ARDUINO\EEPROM_ARDUINO\ArduinoCore\Debug\libArduinoCore.a(wiring.o)
 .text.delay    0x00000000       0x78 C:\Users\mw\Documents\Atmel Studio\7.0\EEPROM_ARDUINO\EEPROM_ARDUINO\ArduinoCore\Debug\libArduinoCore.a(wiring.o)
 .text.delayMicroseconds
                0x00000000       0x16 C:\Users\mw\Documents\Atmel Studio\7.0\EEPROM_ARDUINO\EEPROM_ARDUINO\ArduinoCore\Debug\libArduinoCore.a(wiring.o)
 .text          0x00000000        0x0 C:\Users\mw\Documents\Atmel Studio\7.0\EEPROM_ARDUINO\EEPROM_ARDUINO\ArduinoCore\Debug\libArduinoCore.a(abi.o)
 .data          0x00000000        0x0 C:\Users\mw\Documents\Atmel Studio\7.0\EEPROM_ARDUINO\EEPROM_ARDUINO\ArduinoCore\Debug\libArduinoCore.a(abi.o)
 .bss           0x00000000        0x0 C:\Users\mw\Documents\Atmel Studio\7.0\EEPROM_ARDUINO\EEPROM_ARDUINO\ArduinoCore\Debug\libArduinoCore.a(abi.o)
 .text.__cxa_pure_virtual
                0x00000000        0x4 C:\Users\mw\Documents\Atmel Studio\7.0\EEPROM_ARDUINO\EEPROM_ARDUINO\ArduinoCore\Debug\libArduinoCore.a(abi.o)
 .text.__cxa_deleted_virtual
                0x00000000        0x4 C:\Users\mw\Documents\Atmel Studio\7.0\EEPROM_ARDUINO\EEPROM_ARDUINO\ArduinoCore\Debug\libArduinoCore.a(abi.o)
 .debug_info    0x00000000       0x76 C:\Users\mw\Documents\Atmel Studio\7.0\EEPROM_ARDUINO\EEPROM_ARDUINO\ArduinoCore\Debug\libArduinoCore.a(abi.o)
 .debug_abbrev  0x00000000       0x6d C:\Users\mw\Documents\Atmel Studio\7.0\EEPROM_ARDUINO\EEPROM_ARDUINO\ArduinoCore\Debug\libArduinoCore.a(abi.o)
 .debug_aranges
                0x00000000       0x20 C:\Users\mw\Documents\Atmel Studio\7.0\EEPROM_ARDUINO\EEPROM_ARDUINO\ArduinoCore\Debug\libArduinoCore.a(abi.o)
 .debug_ranges  0x00000000       0x10 C:\Users\mw\Documents\Atmel Studio\7.0\EEPROM_ARDUINO\EEPROM_ARDUINO\ArduinoCore\Debug\libArduinoCore.a(abi.o)
 .debug_line    0x00000000       0xa9 C:\Users\mw\Documents\Atmel Studio\7.0\EEPROM_ARDUINO\EEPROM_ARDUINO\ArduinoCore\Debug\libArduinoCore.a(abi.o)
 .debug_str     0x00000000      0x1a0 C:\Users\mw\Documents\Atmel Studio\7.0\EEPROM_ARDUINO\EEPROM_ARDUINO\ArduinoCore\Debug\libArduinoCore.a(abi.o)
 .comment       0x00000000       0x31 C:\Users\mw\Documents\Atmel Studio\7.0\EEPROM_ARDUINO\EEPROM_ARDUINO\ArduinoCore\Debug\libArduinoCore.a(abi.o)
 .debug_frame   0x00000000       0x34 C:\Users\mw\Documents\Atmel Studio\7.0\EEPROM_ARDUINO\EEPROM_ARDUINO\ArduinoCore\Debug\libArduinoCore.a(abi.o)
 .text          0x00000000        0x0 C:\Users\mw\Documents\Atmel Studio\7.0\EEPROM_ARDUINO\EEPROM_ARDUINO\ArduinoCore\Debug\libArduinoCore.a(hooks.o)
 .data          0x00000000        0x0 C:\Users\mw\Documents\Atmel Studio\7.0\EEPROM_ARDUINO\EEPROM_ARDUINO\ArduinoCore\Debug\libArduinoCore.a(hooks.o)
 .bss           0x00000000        0x0 C:\Users\mw\Documents\Atmel Studio\7.0\EEPROM_ARDUINO\EEPROM_ARDUINO\ArduinoCore\Debug\libArduinoCore.a(hooks.o)
 .text.__empty  0x00000000        0x2 C:\Users\mw\Documents\Atmel Studio\7.0\EEPROM_ARDUINO\EEPROM_ARDUINO\ArduinoCore\Debug\libArduinoCore.a(hooks.o)
 .debug_info    0x00000000       0x3e C:\Users\mw\Documents\Atmel Studio\7.0\EEPROM_ARDUINO\EEPROM_ARDUINO\ArduinoCore\Debug\libArduinoCore.a(hooks.o)
 .debug_abbrev  0x00000000       0x2a C:\Users\mw\Documents\Atmel Studio\7.0\EEPROM_ARDUINO\EEPROM_ARDUINO\ArduinoCore\Debug\libArduinoCore.a(hooks.o)
 .debug_aranges
                0x00000000       0x20 C:\Users\mw\Documents\Atmel Studio\7.0\EEPROM_ARDUINO\EEPROM_ARDUINO\ArduinoCore\Debug\libArduinoCore.a(hooks.o)
 .debug_ranges  0x00000000       0x10 C:\Users\mw\Documents\Atmel Studio\7.0\EEPROM_ARDUINO\EEPROM_ARDUINO\ArduinoCore\Debug\libArduinoCore.a(hooks.o)
 .debug_line    0x00000000       0x41 C:\Users\mw\Documents\Atmel Studio\7.0\EEPROM_ARDUINO\EEPROM_ARDUINO\ArduinoCore\Debug\libArduinoCore.a(hooks.o)
 .debug_str     0x00000000      0x141 C:\Users\mw\Documents\Atmel Studio\7.0\EEPROM_ARDUINO\EEPROM_ARDUINO\ArduinoCore\Debug\libArduinoCore.a(hooks.o)
 .comment       0x00000000       0x31 C:\Users\mw\Documents\Atmel Studio\7.0\EEPROM_ARDUINO\EEPROM_ARDUINO\ArduinoCore\Debug\libArduinoCore.a(hooks.o)
 .debug_frame   0x00000000       0x24 C:\Users\mw\Documents\Atmel Studio\7.0\EEPROM_ARDUINO\EEPROM_ARDUINO\ArduinoCore\Debug\libArduinoCore.a(hooks.o)
 .text          0x00000000        0x0 c:/program files (x86)/atmel/studio/7.0/toolchain/avr8/avr8-gnu-toolchain/bin/../lib/gcc/avr/5.4.0/../../../../avr/lib/avr5\libm.a(addsf3.o)
 .data          0x00000000        0x0 c:/program files (x86)/atmel/studio/7.0/toolchain/avr8/avr8-gnu-toolchain/bin/../lib/gcc/avr/5.4.0/../../../../avr/lib/avr5\libm.a(addsf3.o)
 .bss           0x00000000        0x0 c:/program files (x86)/atmel/studio/7.0/toolchain/avr8/avr8-gnu-toolchain/bin/../lib/gcc/avr/5.4.0/../../../../avr/lib/avr5\libm.a(addsf3.o)
 .text.avr-libc.fplib
                0x00000000        0xe c:/program files (x86)/atmel/studio/7.0/toolchain/avr8/avr8-gnu-toolchain/bin/../lib/gcc/avr/5.4.0/../../../../avr/lib/avr5\libm.a(addsf3.o)
 .text          0x00000000        0x0 c:/program files (x86)/atmel/studio/7.0/toolchain/avr8/avr8-gnu-toolchain/bin/../lib/gcc/avr/5.4.0/../../../../avr/lib/avr5\libm.a(addsf3x.o)
 .data          0x00000000        0x0 c:/program files (x86)/atmel/studio/7.0/toolchain/avr8/avr8-gnu-toolchain/bin/../lib/gcc/avr/5.4.0/../../../../avr/lib/avr5\libm.a(addsf3x.o)
 .bss           0x00000000        0x0 c:/program files (x86)/atmel/studio/7.0/toolchain/avr8/avr8-gnu-toolchain/bin/../lib/gcc/avr/5.4.0/../../../../avr/lib/avr5\libm.a(addsf3x.o)
 .text.avr-libc.fplib
                0x00000000       0xcc c:/program files (x86)/atmel/studio/7.0/toolchain/avr8/avr8-gnu-toolchain/bin/../lib/gcc/avr/5.4.0/../../../../avr/lib/avr5\libm.a(addsf3x.o)
 .text          0x00000000        0x0 c:/program files (x86)/atmel/studio/7.0/toolchain/avr8/avr8-gnu-toolchain/bin/../lib/gcc/avr/5.4.0/../../../../avr/lib/avr5\libm.a(cmpsf2.o)
 .data          0x00000000        0x0 c:/program files (x86)/atmel/studio/7.0/toolchain/avr8/avr8-gnu-toolchain/bin/../lib/gcc/avr/5.4.0/../../../../avr/lib/avr5\libm.a(cmpsf2.o)
 .bss           0x00000000        0x0 c:/program files (x86)/atmel/studio/7.0/toolchain/avr8/avr8-gnu-toolchain/bin/../lib/gcc/avr/5.4.0/../../../../avr/lib/avr5\libm.a(cmpsf2.o)
 .text.avr-libc.fplib
                0x00000000        0xa c:/program files (x86)/atmel/studio/7.0/toolchain/avr8/avr8-gnu-toolchain/bin/../lib/gcc/avr/5.4.0/../../../../avr/lib/avr5\libm.a(cmpsf2.o)
 .text          0x00000000        0x0 c:/program files (x86)/atmel/studio/7.0/toolchain/avr8/avr8-gnu-toolchain/bin/../lib/gcc/avr/5.4.0/../../../../avr/lib/avr5\libm.a(divsf3.o)
 .data          0x00000000        0x0 c:/program files (x86)/atmel/studio/7.0/toolchain/avr8/avr8-gnu-toolchain/bin/../lib/gcc/avr/5.4.0/../../../../avr/lib/avr5\libm.a(divsf3.o)
 .bss           0x00000000        0x0 c:/program files (x86)/atmel/studio/7.0/toolchain/avr8/avr8-gnu-toolchain/bin/../lib/gcc/avr/5.4.0/../../../../avr/lib/avr5\libm.a(divsf3.o)
 .text.avr-libc.fplib
                0x00000000        0x8 c:/program files (x86)/atmel/studio/7.0/toolchain/avr8/avr8-gnu-toolchain/bin/../lib/gcc/avr/5.4.0/../../../../avr/lib/avr5\libm.a(divsf3.o)
 .text          0x00000000        0x0 c:/program files (x86)/atmel/studio/7.0/toolchain/avr8/avr8-gnu-toolchain/bin/../lib/gcc/avr/5.4.0/../../../../avr/lib/avr5\libm.a(divsf3x.o)
 .data          0x00000000        0x0 c:/program files (x86)/atmel/studio/7.0/toolchain/avr8/avr8-gnu-toolchain/bin/../lib/gcc/avr/5.4.0/../../../../avr/lib/avr5\libm.a(divsf3x.o)
 .bss           0x00000000        0x0 c:/program files (x86)/atmel/studio/7.0/toolchain/avr8/avr8-gnu-toolchain/bin/../lib/gcc/avr/5.4.0/../../../../avr/lib/avr5\libm.a(divsf3x.o)
 .text.avr-libc.fplib
                0x00000000       0xdc c:/program files (x86)/atmel/studio/7.0/toolchain/avr8/avr8-gnu-toolchain/bin/../lib/gcc/avr/5.4.0/../../../../avr/lib/avr5\libm.a(divsf3x.o)
 .text          0x00000000        0x0 c:/program files (x86)/atmel/studio/7.0/toolchain/avr8/avr8-gnu-toolchain/bin/../lib/gcc/avr/5.4.0/../../../../avr/lib/avr5\libm.a(fixunssfsi.o)
 .data          0x00000000        0x0 c:/program files (x86)/atmel/studio/7.0/toolchain/avr8/avr8-gnu-toolchain/bin/../lib/gcc/avr/5.4.0/../../../../avr/lib/avr5\libm.a(fixunssfsi.o)
 .bss           0x00000000        0x0 c:/program files (x86)/atmel/studio/7.0/toolchain/avr8/avr8-gnu-toolchain/bin/../lib/gcc/avr/5.4.0/../../../../avr/lib/avr5\libm.a(fixunssfsi.o)
 .text.avr-libc.fplib
                0x00000000       0x5e c:/program files (x86)/atmel/studio/7.0/toolchain/avr8/avr8-gnu-toolchain/bin/../lib/gcc/avr/5.4.0/../../../../avr/lib/avr5\libm.a(fixunssfsi.o)
 .text          0x00000000        0x0 c:/program files (x86)/atmel/studio/7.0/toolchain/avr8/avr8-gnu-toolchain/bin/../lib/gcc/avr/5.4.0/../../../../avr/lib/avr5\libm.a(floatsisf.o)
 .data          0x00000000        0x0 c:/program files (x86)/atmel/studio/7.0/toolchain/avr8/avr8-gnu-toolchain/bin/../lib/gcc/avr/5.4.0/../../../../avr/lib/avr5\libm.a(floatsisf.o)
 .bss           0x00000000        0x0 c:/program files (x86)/atmel/studio/7.0/toolchain/avr8/avr8-gnu-toolchain/bin/../lib/gcc/avr/5.4.0/../../../../avr/lib/avr5\libm.a(floatsisf.o)
 .text.avr-libc.fplib
                0x00000000       0x7a c:/program files (x86)/atmel/studio/7.0/toolchain/avr8/avr8-gnu-toolchain/bin/../lib/gcc/avr/5.4.0/../../../../avr/lib/avr5\libm.a(floatsisf.o)
 .text          0x00000000        0x0 c:/program files (x86)/atmel/studio/7.0/toolchain/avr8/avr8-gnu-toolchain/bin/../lib/gcc/avr/5.4.0/../../../../avr/lib/avr5\libm.a(fp_cmp.o)
 .data          0x00000000        0x0 c:/program files (x86)/atmel/studio/7.0/toolchain/avr8/avr8-gnu-toolchain/bin/../lib/gcc/avr/5.4.0/../../../../avr/lib/avr5\libm.a(fp_cmp.o)
 .bss           0x00000000        0x0 c:/program files (x86)/atmel/studio/7.0/toolchain/avr8/avr8-gnu-toolchain/bin/../lib/gcc/avr/5.4.0/../../../../avr/lib/avr5\libm.a(fp_cmp.o)
 .text.avr-libc.fplib
                0x00000000       0x48 c:/program files (x86)/atmel/studio/7.0/toolchain/avr8/avr8-gnu-toolchain/bin/../lib/gcc/avr/5.4.0/../../../../avr/lib/avr5\libm.a(fp_cmp.o)
 .text          0x00000000        0x0 c:/program files (x86)/atmel/studio/7.0/toolchain/avr8/avr8-gnu-toolchain/bin/../lib/gcc/avr/5.4.0/../../../../avr/lib/avr5\libm.a(fp_inf.o)
 .data          0x00000000        0x0 c:/program files (x86)/atmel/studio/7.0/toolchain/avr8/avr8-gnu-toolchain/bin/../lib/gcc/avr/5.4.0/../../../../avr/lib/avr5\libm.a(fp_inf.o)
 .bss           0x00000000        0x0 c:/program files (x86)/atmel/studio/7.0/toolchain/avr8/avr8-gnu-toolchain/bin/../lib/gcc/avr/5.4.0/../../../../avr/lib/avr5\libm.a(fp_inf.o)
 .text.avr-libc.fplib
                0x00000000        0xc c:/program files (x86)/atmel/studio/7.0/toolchain/avr8/avr8-gnu-toolchain/bin/../lib/gcc/avr/5.4.0/../../../../avr/lib/avr5\libm.a(fp_inf.o)
 .text          0x00000000        0x0 c:/program files (x86)/atmel/studio/7.0/toolchain/avr8/avr8-gnu-toolchain/bin/../lib/gcc/avr/5.4.0/../../../../avr/lib/avr5\libm.a(fp_nan.o)
 .data          0x00000000        0x0 c:/program files (x86)/atmel/studio/7.0/toolchain/avr8/avr8-gnu-toolchain/bin/../lib/gcc/avr/5.4.0/../../../../avr/lib/avr5\libm.a(fp_nan.o)
 .bss           0x00000000        0x0 c:/program files (x86)/atmel/studio/7.0/toolchain/avr8/avr8-gnu-toolchain/bin/../lib/gcc/avr/5.4.0/../../../../avr/lib/avr5\libm.a(fp_nan.o)
 .text.avr-libc.fplib
                0x00000000        0x6 c:/program files (x86)/atmel/studio/7.0/toolchain/avr8/avr8-gnu-toolchain/bin/../lib/gcc/avr/5.4.0/../../../../avr/lib/avr5\libm.a(fp_nan.o)
 .text          0x00000000        0x0 c:/program files (x86)/atmel/studio/7.0/toolchain/avr8/avr8-gnu-toolchain/bin/../lib/gcc/avr/5.4.0/../../../../avr/lib/avr5\libm.a(fp_pscA.o)
 .data          0x00000000        0x0 c:/program files (x86)/atmel/studio/7.0/toolchain/avr8/avr8-gnu-toolchain/bin/../lib/gcc/avr/5.4.0/../../../../avr/lib/avr5\libm.a(fp_pscA.o)
 .bss           0x00000000        0x0 c:/program files (x86)/atmel/studio/7.0/toolchain/avr8/avr8-gnu-toolchain/bin/../lib/gcc/avr/5.4.0/../../../../avr/lib/avr5\libm.a(fp_pscA.o)
 .text.avr-libc.fplib
                0x00000000        0xe c:/program files (x86)/atmel/studio/7.0/toolchain/avr8/avr8-gnu-toolchain/bin/../lib/gcc/avr/5.4.0/../../../../avr/lib/avr5\libm.a(fp_pscA.o)
 .text          0x00000000        0x0 c:/program files (x86)/atmel/studio/7.0/toolchain/avr8/avr8-gnu-toolchain/bin/../lib/gcc/avr/5.4.0/../../../../avr/lib/avr5\libm.a(fp_pscB.o)
 .data          0x00000000        0x0 c:/program files (x86)/atmel/studio/7.0/toolchain/avr8/avr8-gnu-toolchain/bin/../lib/gcc/avr/5.4.0/../../../../avr/lib/avr5\libm.a(fp_pscB.o)
 .bss           0x00000000        0x0 c:/program files (x86)/atmel/studio/7.0/toolchain/avr8/avr8-gnu-toolchain/bin/../lib/gcc/avr/5.4.0/../../../../avr/lib/avr5\libm.a(fp_pscB.o)
 .text.avr-libc.fplib
                0x00000000        0xe c:/program files (x86)/atmel/studio/7.0/toolchain/avr8/avr8-gnu-toolchain/bin/../lib/gcc/avr/5.4.0/../../../../avr/lib/avr5\libm.a(fp_pscB.o)
 .text          0x00000000        0x0 c:/program files (x86)/atmel/studio/7.0/toolchain/avr8/avr8-gnu-toolchain/bin/../lib/gcc/avr/5.4.0/../../../../avr/lib/avr5\libm.a(fp_round.o)
 .data          0x00000000        0x0 c:/program files (x86)/atmel/studio/7.0/toolchain/avr8/avr8-gnu-toolchain/bin/../lib/gcc/avr/5.4.0/../../../../avr/lib/avr5\libm.a(fp_round.o)
 .bss           0x00000000        0x0 c:/program files (x86)/atmel/studio/7.0/toolchain/avr8/avr8-gnu-toolchain/bin/../lib/gcc/avr/5.4.0/../../../../avr/lib/avr5\libm.a(fp_round.o)
 .text.avr-libc.fplib
                0x00000000       0x22 c:/program files (x86)/atmel/studio/7.0/toolchain/avr8/avr8-gnu-toolchain/bin/../lib/gcc/avr/5.4.0/../../../../avr/lib/avr5\libm.a(fp_round.o)
 .text          0x00000000        0x0 c:/program files (x86)/atmel/studio/7.0/toolchain/avr8/avr8-gnu-toolchain/bin/../lib/gcc/avr/5.4.0/../../../../avr/lib/avr5\libm.a(fp_split3.o)
 .data          0x00000000        0x0 c:/program files (x86)/atmel/studio/7.0/toolchain/avr8/avr8-gnu-toolchain/bin/../lib/gcc/avr/5.4.0/../../../../avr/lib/avr5\libm.a(fp_split3.o)
 .bss           0x00000000        0x0 c:/program files (x86)/atmel/studio/7.0/toolchain/avr8/avr8-gnu-toolchain/bin/../lib/gcc/avr/5.4.0/../../../../avr/lib/avr5\libm.a(fp_split3.o)
 .text.avr-libc.fplib
                0x00000000       0x44 c:/program files (x86)/atmel/studio/7.0/toolchain/avr8/avr8-gnu-toolchain/bin/../lib/gcc/avr/5.4.0/../../../../avr/lib/avr5\libm.a(fp_split3.o)
 .text          0x00000000        0x0 c:/program files (x86)/atmel/studio/7.0/toolchain/avr8/avr8-gnu-toolchain/bin/../lib/gcc/avr/5.4.0/../../../../avr/lib/avr5\libm.a(fp_zero.o)
 .data          0x00000000        0x0 c:/program files (x86)/atmel/studio/7.0/toolchain/avr8/avr8-gnu-toolchain/bin/../lib/gcc/avr/5.4.0/../../../../avr/lib/avr5\libm.a(fp_zero.o)
 .bss           0x00000000        0x0 c:/program files (x86)/atmel/studio/7.0/toolchain/avr8/avr8-gnu-toolchain/bin/../lib/gcc/avr/5.4.0/../../../../avr/lib/avr5\libm.a(fp_zero.o)
 .text.avr-libc.fplib
                0x00000000        0xe c:/program files (x86)/atmel/studio/7.0/toolchain/avr8/avr8-gnu-toolchain/bin/../lib/gcc/avr/5.4.0/../../../../avr/lib/avr5\libm.a(fp_zero.o)
 .text          0x00000000        0x0 c:/program files (x86)/atmel/studio/7.0/toolchain/avr8/avr8-gnu-toolchain/bin/../lib/gcc/avr/5.4.0/../../../../avr/lib/avr5\libm.a(gesf2.o)
 .data          0x00000000        0x0 c:/program files (x86)/atmel/studio/7.0/toolchain/avr8/avr8-gnu-toolchain/bin/../lib/gcc/avr/5.4.0/../../../../avr/lib/avr5\libm.a(gesf2.o)
 .bss           0x00000000        0x0 c:/program files (x86)/atmel/studio/7.0/toolchain/avr8/avr8-gnu-toolchain/bin/../lib/gcc/avr/5.4.0/../../../../avr/lib/avr5\libm.a(gesf2.o)
 .text.avr-libc.fplib
                0x00000000        0xa c:/program files (x86)/atmel/studio/7.0/toolchain/avr8/avr8-gnu-toolchain/bin/../lib/gcc/avr/5.4.0/../../../../avr/lib/avr5\libm.a(gesf2.o)
 .text          0x00000000        0x0 c:/program files (x86)/atmel/studio/7.0/toolchain/avr8/avr8-gnu-toolchain/bin/../lib/gcc/avr/5.4.0/../../../../avr/lib/avr5\libm.a(mulsf3.o)
 .data          0x00000000        0x0 c:/program files (x86)/atmel/studio/7.0/toolchain/avr8/avr8-gnu-toolchain/bin/../lib/gcc/avr/5.4.0/../../../../avr/lib/avr5\libm.a(mulsf3.o)
 .bss           0x00000000        0x0 c:/program files (x86)/atmel/studio/7.0/toolchain/avr8/avr8-gnu-toolchain/bin/../lib/gcc/avr/5.4.0/../../../../avr/lib/avr5\libm.a(mulsf3.o)
 .text.avr-libc.fplib
                0x00000000        0x8 c:/program files (x86)/atmel/studio/7.0/toolchain/avr8/avr8-gnu-toolchain/bin/../lib/gcc/avr/5.4.0/../../../../avr/lib/avr5\libm.a(mulsf3.o)
 .text          0x00000000        0x0 c:/program files (x86)/atmel/studio/7.0/toolchain/avr8/avr8-gnu-toolchain/bin/../lib/gcc/avr/5.4.0/../../../../avr/lib/avr5\libm.a(mulsf3x.o)
 .data          0x00000000        0x0 c:/program files (x86)/atmel/studio/7.0/toolchain/avr8/avr8-gnu-toolchain/bin/../lib/gcc/avr/5.4.0/../../../../avr/lib/avr5\libm.a(mulsf3x.o)
 .bss           0x00000000        0x0 c:/program files (x86)/atmel/studio/7.0/toolchain/avr8/avr8-gnu-toolchain/bin/../lib/gcc/avr/5.4.0/../../../../avr/lib/avr5\libm.a(mulsf3x.o)
 .text.avr-libc.fplib
                0x00000000       0xd2 c:/program files (x86)/atmel/studio/7.0/toolchain/avr8/avr8-gnu-toolchain/bin/../lib/gcc/avr/5.4.0/../../../../avr/lib/avr5\libm.a(mulsf3x.o)
 .text          0x00000000        0x0 c:/program files (x86)/atmel/studio/7.0/toolchain/avr8/avr8-gnu-toolchain/bin/../lib/gcc/avr/5.4.0/../../../../avr/lib/avr5\libm.a(unordsf2.o)
 .data          0x00000000        0x0 c:/program files (x86)/atmel/studio/7.0/toolchain/avr8/avr8-gnu-toolchain/bin/../lib/gcc/avr/5.4.0/../../../../avr/lib/avr5\libm.a(unordsf2.o)
 .bss           0x00000000        0x0 c:/program files (x86)/atmel/studio/7.0/toolchain/avr8/avr8-gnu-toolchain/bin/../lib/gcc/avr/5.4.0/../../../../avr/lib/avr5\libm.a(unordsf2.o)
 .text.avr-libc.fplib
                0x00000000        0xa c:/program files (x86)/atmel/studio/7.0/toolchain/avr8/avr8-gnu-toolchain/bin/../lib/gcc/avr/5.4.0/../../../../avr/lib/avr5\libm.a(unordsf2.o)
 .text          0x00000000        0x0 c:/program files (x86)/atmel/studio/7.0/toolchain/avr8/avr8-gnu-toolchain/bin/../lib/gcc/avr/5.4.0/avr5\libgcc.a(_udivmodsi4.o)
 .data          0x00000000        0x0 c:/program files (x86)/atmel/studio/7.0/toolchain/avr8/avr8-gnu-toolchain/bin/../lib/gcc/avr/5.4.0/avr5\libgcc.a(_udivmodsi4.o)
 .bss           0x00000000        0x0 c:/program files (x86)/atmel/studio/7.0/toolchain/avr8/avr8-gnu-toolchain/bin/../lib/gcc/avr/5.4.0/avr5\libgcc.a(_udivmodsi4.o)
 .text.libgcc.mul
                0x00000000        0x0 c:/program files (x86)/atmel/studio/7.0/toolchain/avr8/avr8-gnu-toolchain/bin/../lib/gcc/avr/5.4.0/avr5\libgcc.a(_udivmodsi4.o)
 .text.libgcc   0x00000000        0x0 c:/program files (x86)/atmel/studio/7.0/toolchain/avr8/avr8-gnu-toolchain/bin/../lib/gcc/avr/5.4.0/avr5\libgcc.a(_udivmodsi4.o)
 .text.libgcc.prologue
                0x00000000        0x0 c:/program files (x86)/atmel/studio/7.0/toolchain/avr8/avr8-gnu-toolchain/bin/../lib/gcc/avr/5.4.0/avr5\libgcc.a(_udivmodsi4.o)
 .text.libgcc.builtins
                0x00000000        0x0 c:/program files (x86)/atmel/studio/7.0/toolchain/avr8/avr8-gnu-toolchain/bin/../lib/gcc/avr/5.4.0/avr5\libgcc.a(_udivmodsi4.o)
 .text.libgcc.fmul
                0x00000000        0x0 c:/program files (x86)/atmel/studio/7.0/toolchain/avr8/avr8-gnu-toolchain/bin/../lib/gcc/avr/5.4.0/avr5\libgcc.a(_udivmodsi4.o)
 .text.libgcc.fixed
                0x00000000        0x0 c:/program files (x86)/atmel/studio/7.0/toolchain/avr8/avr8-gnu-toolchain/bin/../lib/gcc/avr/5.4.0/avr5\libgcc.a(_udivmodsi4.o)
 .text          0x00000000        0x0 c:/program files (x86)/atmel/studio/7.0/toolchain/avr8/avr8-gnu-toolchain/bin/../lib/gcc/avr/5.4.0/avr5\libgcc.a(_exit.o)
 .data          0x00000000        0x0 c:/program files (x86)/atmel/studio/7.0/toolchain/avr8/avr8-gnu-toolchain/bin/../lib/gcc/avr/5.4.0/avr5\libgcc.a(_exit.o)
 .bss           0x00000000        0x0 c:/program files (x86)/atmel/studio/7.0/toolchain/avr8/avr8-gnu-toolchain/bin/../lib/gcc/avr/5.4.0/avr5\libgcc.a(_exit.o)
 .text.libgcc.mul
                0x00000000        0x0 c:/program files (x86)/atmel/studio/7.0/toolchain/avr8/avr8-gnu-toolchain/bin/../lib/gcc/avr/5.4.0/avr5\libgcc.a(_exit.o)
 .text.libgcc.div
                0x00000000        0x0 c:/program files (x86)/atmel/studio/7.0/toolchain/avr8/avr8-gnu-toolchain/bin/../lib/gcc/avr/5.4.0/avr5\libgcc.a(_exit.o)
 .text.libgcc   0x00000000        0x0 c:/program files (x86)/atmel/studio/7.0/toolchain/avr8/avr8-gnu-toolchain/bin/../lib/gcc/avr/5.4.0/avr5\libgcc.a(_exit.o)
 .text.libgcc.prologue
                0x00000000        0x0 c:/program files (x86)/atmel/studio/7.0/toolchain/avr8/avr8-gnu-toolchain/bin/../lib/gcc/avr/5.4.0/avr5\libgcc.a(_exit.o)
 .text.libgcc.builtins
                0x00000000        0x0 c:/program files (x86)/atmel/studio/7.0/toolchain/avr8/avr8-gnu-toolchain/bin/../lib/gcc/avr/5.4.0/avr5\libgcc.a(_exit.o)
 .text.libgcc.fmul
                0x00000000        0x0 c:/program files (x86)/atmel/studio/7.0/toolchain/avr8/avr8-gnu-toolchain/bin/../lib/gcc/avr/5.4.0/avr5\libgcc.a(_exit.o)
 .text.libgcc.fixed
                0x00000000        0x0 c:/program files (x86)/atmel/studio/7.0/toolchain/avr8/avr8-gnu-toolchain/bin/../lib/gcc/avr/5.4.0/avr5\libgcc.a(_exit.o)
 .text          0x00000000        0x0 c:/program files (x86)/atmel/studio/7.0/toolchain/avr8/avr8-gnu-toolchain/bin/../lib/gcc/avr/5.4.0/avr5\libgcc.a(_copy_data.o)
 .data          0x00000000        0x0 c:/program files (x86)/atmel/studio/7.0/toolchain/avr8/avr8-gnu-toolchain/bin/../lib/gcc/avr/5.4.0/avr5\libgcc.a(_copy_data.o)
 .bss           0x00000000        0x0 c:/program files (x86)/atmel/studio/7.0/toolchain/avr8/avr8-gnu-toolchain/bin/../lib/gcc/avr/5.4.0/avr5\libgcc.a(_copy_data.o)
 .text.libgcc.mul
                0x00000000        0x0 c:/program files (x86)/atmel/studio/7.0/toolchain/avr8/avr8-gnu-toolchain/bin/../lib/gcc/avr/5.4.0/avr5\libgcc.a(_copy_data.o)
 .text.libgcc.div
                0x00000000        0x0 c:/program files (x86)/atmel/studio/7.0/toolchain/avr8/avr8-gnu-toolchain/bin/../lib/gcc/avr/5.4.0/avr5\libgcc.a(_copy_data.o)
 .text.libgcc   0x00000000        0x0 c:/program files (x86)/atmel/studio/7.0/toolchain/avr8/avr8-gnu-toolchain/bin/../lib/gcc/avr/5.4.0/avr5\libgcc.a(_copy_data.o)
 .text.libgcc.prologue
                0x00000000        0x0 c:/program files (x86)/atmel/studio/7.0/toolchain/avr8/avr8-gnu-toolchain/bin/../lib/gcc/avr/5.4.0/avr5\libgcc.a(_copy_data.o)
 .text.libgcc.builtins
                0x00000000        0x0 c:/program files (x86)/atmel/studio/7.0/toolchain/avr8/avr8-gnu-toolchain/bin/../lib/gcc/avr/5.4.0/avr5\libgcc.a(_copy_data.o)
 .text.libgcc.fmul
                0x00000000        0x0 c:/program files (x86)/atmel/studio/7.0/toolchain/avr8/avr8-gnu-toolchain/bin/../lib/gcc/avr/5.4.0/avr5\libgcc.a(_copy_data.o)
 .text.libgcc.fixed
                0x00000000        0x0 c:/program files (x86)/atmel/studio/7.0/toolchain/avr8/avr8-gnu-toolchain/bin/../lib/gcc/avr/5.4.0/avr5\libgcc.a(_copy_data.o)
 .text          0x00000000        0x0 c:/program files (x86)/atmel/studio/7.0/toolchain/avr8/avr8-gnu-toolchain/bin/../lib/gcc/avr/5.4.0/avr5\libgcc.a(_clear_bss.o)
 .data          0x00000000        0x0 c:/program files (x86)/atmel/studio/7.0/toolchain/avr8/avr8-gnu-toolchain/bin/../lib/gcc/avr/5.4.0/avr5\libgcc.a(_clear_bss.o)
 .bss           0x00000000        0x0 c:/program files (x86)/atmel/studio/7.0/toolchain/avr8/avr8-gnu-toolchain/bin/../lib/gcc/avr/5.4.0/avr5\libgcc.a(_clear_bss.o)
 .text.libgcc.mul
                0x00000000        0x0 c:/program files (x86)/atmel/studio/7.0/toolchain/avr8/avr8-gnu-toolchain/bin/../lib/gcc/avr/5.4.0/avr5\libgcc.a(_clear_bss.o)
 .text.libgcc.div
                0x00000000        0x0 c:/program files (x86)/atmel/studio/7.0/toolchain/avr8/avr8-gnu-toolchain/bin/../lib/gcc/avr/5.4.0/avr5\libgcc.a(_clear_bss.o)
 .text.libgcc   0x00000000        0x0 c:/program files (x86)/atmel/studio/7.0/toolchain/avr8/avr8-gnu-toolchain/bin/../lib/gcc/avr/5.4.0/avr5\libgcc.a(_clear_bss.o)
 .text.libgcc.prologue
                0x00000000        0x0 c:/program files (x86)/atmel/studio/7.0/toolchain/avr8/avr8-gnu-toolchain/bin/../lib/gcc/avr/5.4.0/avr5\libgcc.a(_clear_bss.o)
 .text.libgcc.builtins
                0x00000000        0x0 c:/program files (x86)/atmel/studio/7.0/toolchain/avr8/avr8-gnu-toolchain/bin/../lib/gcc/avr/5.4.0/avr5\libgcc.a(_clear_bss.o)
 .text.libgcc.fmul
                0x00000000        0x0 c:/program files (x86)/atmel/studio/7.0/toolchain/avr8/avr8-gnu-toolchain/bin/../lib/gcc/avr/5.4.0/avr5\libgcc.a(_clear_bss.o)
 .text.libgcc.fixed
                0x00000000        0x0 c:/program files (x86)/atmel/studio/7.0/toolchain/avr8/avr8-gnu-toolchain/bin/../lib/gcc/avr/5.4.0/avr5\libgcc.a(_clear_bss.o)
 .text          0x00000000        0x0 c:/program files (x86)/atmel/studio/7.0/toolchain/avr8/avr8-gnu-toolchain/bin/../lib/gcc/avr/5.4.0/avr5\libgcc.a(_ctors.o)
 .data          0x00000000        0x0 c:/program files (x86)/atmel/studio/7.0/toolchain/avr8/avr8-gnu-toolchain/bin/../lib/gcc/avr/5.4.0/avr5\libgcc.a(_ctors.o)
 .bss           0x00000000        0x0 c:/program files (x86)/atmel/studio/7.0/toolchain/avr8/avr8-gnu-toolchain/bin/../lib/gcc/avr/5.4.0/avr5\libgcc.a(_ctors.o)
 .text.libgcc.mul
                0x00000000        0x0 c:/program files (x86)/atmel/studio/7.0/toolchain/avr8/avr8-gnu-toolchain/bin/../lib/gcc/avr/5.4.0/avr5\libgcc.a(_ctors.o)
 .text.libgcc.div
                0x00000000        0x0 c:/program files (x86)/atmel/studio/7.0/toolchain/avr8/avr8-gnu-toolchain/bin/../lib/gcc/avr/5.4.0/avr5\libgcc.a(_ctors.o)
 .text.libgcc   0x00000000        0x0 c:/program files (x86)/atmel/studio/7.0/toolchain/avr8/avr8-gnu-toolchain/bin/../lib/gcc/avr/5.4.0/avr5\libgcc.a(_ctors.o)
 .text.libgcc.prologue
                0x00000000        0x0 c:/program files (x86)/atmel/studio/7.0/toolchain/avr8/avr8-gnu-toolchain/bin/../lib/gcc/avr/5.4.0/avr5\libgcc.a(_ctors.o)
 .text.libgcc.builtins
                0x00000000        0x0 c:/program files (x86)/atmel/studio/7.0/toolchain/avr8/avr8-gnu-toolchain/bin/../lib/gcc/avr/5.4.0/avr5\libgcc.a(_ctors.o)
 .text.libgcc.fmul
                0x00000000        0x0 c:/program files (x86)/atmel/studio/7.0/toolchain/avr8/avr8-gnu-toolchain/bin/../lib/gcc/avr/5.4.0/avr5\libgcc.a(_ctors.o)
 .text.libgcc.fixed
                0x00000000        0x0 c:/program files (x86)/atmel/studio/7.0/toolchain/avr8/avr8-gnu-toolchain/bin/../lib/gcc/avr/5.4.0/avr5\libgcc.a(_ctors.o)
 .text          0x00000000        0x0 c:/program files (x86)/atmel/studio/7.0/toolchain/avr8/avr8-gnu-toolchain/bin/../lib/gcc/avr/5.4.0/avr5\libgcc.a(_tablejump2.o)
 .data          0x00000000        0x0 c:/program files (x86)/atmel/studio/7.0/toolchain/avr8/avr8-gnu-toolchain/bin/../lib/gcc/avr/5.4.0/avr5\libgcc.a(_tablejump2.o)
 .bss           0x00000000        0x0 c:/program files (x86)/atmel/studio/7.0/toolchain/avr8/avr8-gnu-toolchain/bin/../lib/gcc/avr/5.4.0/avr5\libgcc.a(_tablejump2.o)
 .text.libgcc.mul
                0x00000000        0x0 c:/program files (x86)/atmel/studio/7.0/toolchain/avr8/avr8-gnu-toolchain/bin/../lib/gcc/avr/5.4.0/avr5\libgcc.a(_tablejump2.o)
 .text.libgcc.div
                0x00000000        0x0 c:/program files (x86)/atmel/studio/7.0/toolchain/avr8/avr8-gnu-toolchain/bin/../lib/gcc/avr/5.4.0/avr5\libgcc.a(_tablejump2.o)
 .text.libgcc.prologue
                0x00000000        0x0 c:/program files (x86)/atmel/studio/7.0/toolchain/avr8/avr8-gnu-toolchain/bin/../lib/gcc/avr/5.4.0/avr5\libgcc.a(_tablejump2.o)
 .text.libgcc.builtins
                0x00000000        0x0 c:/program files (x86)/atmel/studio/7.0/toolchain/avr8/avr8-gnu-toolchain/bin/../lib/gcc/avr/5.4.0/avr5\libgcc.a(_tablejump2.o)
 .text.libgcc.fmul
                0x00000000        0x0 c:/program files (x86)/atmel/studio/7.0/toolchain/avr8/avr8-gnu-toolchain/bin/../lib/gcc/avr/5.4.0/avr5\libgcc.a(_tablejump2.o)
 .text.libgcc.fixed
                0x00000000        0x0 c:/program files (x86)/atmel/studio/7.0/toolchain/avr8/avr8-gnu-toolchain/bin/../lib/gcc/avr/5.4.0/avr5\libgcc.a(_tablejump2.o)
 .text          0x00000000        0x0 c:/program files (x86)/atmel/studio/7.0/toolchain/avr8/avr8-gnu-toolchain/bin/../lib/gcc/avr/5.4.0/../../../../avr/lib/avr5\libc.a(abort.o)
 .data          0x00000000        0x0 c:/program files (x86)/atmel/studio/7.0/toolchain/avr8/avr8-gnu-toolchain/bin/../lib/gcc/avr/5.4.0/../../../../avr/lib/avr5\libc.a(abort.o)
 .bss           0x00000000        0x0 c:/program files (x86)/atmel/studio/7.0/toolchain/avr8/avr8-gnu-toolchain/bin/../lib/gcc/avr/5.4.0/../../../../avr/lib/avr5\libc.a(abort.o)
 .text.avr-libc
                0x00000000        0xa c:/program files (x86)/atmel/studio/7.0/toolchain/avr8/avr8-gnu-toolchain/bin/../lib/gcc/avr/5.4.0/../../../../avr/lib/avr5\libc.a(abort.o)

Memory Configuration

Name             Origin             Length             Attributes
text             0x00000000         0x00020000         xr
data             0x00800060         0x0000ffa0         rw !x
eeprom           0x00810000         0x00010000         rw !x
fuse             0x00820000         0x00000003         rw !x
lock             0x00830000         0x00000400         rw !x
signature        0x00840000         0x00000400         rw !x
user_signatures  0x00850000         0x00000400         rw !x
*default*        0x00000000         0xffffffff

Linker script and memory map

Address of section .data set to 0x800100
LOAD C:/Program Files (x86)/Atmel/Studio/7.0/Packs/atmel/ATmega_DFP/1.2.209/gcc/dev/atmega644p/avr5/crtatmega644p.o
LOAD Sketch.o
START GROUP
LOAD c:/program files (x86)/atmel/studio/7.0/toolchain/avr8/avr8-gnu-toolchain/bin/../lib/gcc/avr/5.4.0/../../../../avr/lib/avr5\libm.a
LOAD C:\Users\mw\Documents\Atmel Studio\7.0\EEPROM_ARDUINO\EEPROM_ARDUINO\ArduinoCore\Debug\libArduinoCore.a
END GROUP
LOAD c:/program files (x86)/atmel/studio/7.0/toolchain/avr8/avr8-gnu-toolchain/bin/../lib/gcc/avr/5.4.0/avr5\libgcc.a
LOAD c:/program files (x86)/atmel/studio/7.0/toolchain/avr8/avr8-gnu-toolchain/bin/../lib/gcc/avr/5.4.0/../../../../avr/lib/avr5\libm.a
START GROUP
LOAD c:/program files (x86)/atmel/studio/7.0/toolchain/avr8/avr8-gnu-toolchain/bin/../lib/gcc/avr/5.4.0/avr5\libgcc.a
LOAD c:/program files (x86)/atmel/studio/7.0/toolchain/avr8/avr8-gnu-toolchain/bin/../lib/gcc/avr/5.4.0/../../../../avr/lib/avr5\libm.a
LOAD c:/program files (x86)/atmel/studio/7.0/toolchain/avr8/avr8-gnu-toolchain/bin/../lib/gcc/avr/5.4.0/../../../../avr/lib/avr5\libc.a
LOAD C:/Program Files (x86)/Atmel/Studio/7.0/Packs/atmel/ATmega_DFP/1.2.209/gcc/dev/atmega644p/avr5\libatmega644p.a
END GROUP
                0x00020000                __TEXT_REGION_LENGTH__ = DEFINED (__TEXT_REGION_LENGTH__)?__TEXT_REGION_LENGTH__:0x20000
                0x0000ffa0                __DATA_REGION_LENGTH__ = DEFINED (__DATA_REGION_LENGTH__)?__DATA_REGION_LENGTH__:0xffa0
                0x00010000                __EEPROM_REGION_LENGTH__ = DEFINED (__EEPROM_REGION_LENGTH__)?__EEPROM_REGION_LENGTH__:0x10000
                [0x00000003]                __FUSE_REGION_LENGTH__ = DEFINED (__FUSE_REGION_LENGTH__)?__FUSE_REGION_LENGTH__:0x400
                0x00000400                __LOCK_REGION_LENGTH__ = DEFINED (__LOCK_REGION_LENGTH__)?__LOCK_REGION_LENGTH__:0x400
                0x00000400                __SIGNATURE_REGION_LENGTH__ = DEFINED (__SIGNATURE_REGION_LENGTH__)?__SIGNATURE_REGION_LENGTH__:0x400
                0x00000400                __USER_SIGNATURE_REGION_LENGTH__ = DEFINED (__USER_SIGNATURE_REGION_LENGTH__)?__USER_SIGNATURE_REGION_LENGTH__:0x400

.hash
 *(.hash)

.dynsym
 *(.dynsym)

.dynstr
 *(.dynstr)

.gnu.version
 *(.gnu.version)

.gnu.version_d
 *(.gnu.version_d)

.gnu.version_r
 *(.gnu.version_r)

.rel.init
 *(.rel.init)

.rela.init
 *(.rela.init)

.rel.text
 *(.rel.text)
 *(.rel.text.*)
 *(.rel.gnu.linkonce.t*)

.rela.text
 *(.rela.text)
 *(.rela.text.*)
 *(.rela.gnu.linkonce.t*)

.rel.fini
 *(.rel.fini)

.rela.fini
 *(.rela.fini)

.rel.rodata
 *(.rel.rodata)
 *(.rel.rodata.*)
 *(.rel.gnu.linkonce.r*)

.rela.rodata
 *(.rela.rodata)
 *(.rela.rodata.*)
 *(.rela.gnu.linkonce.r*)

.rel.data
 *(.rel.data)
 *(.rel.data.*)
 *(.rel.gnu.linkonce.d*)

.rela.data
 *(.rela.data)
 *(.rela.data.*)
 *(.rela.gnu.linkonce.d*)

.rel.ctors
 *(.rel.ctors)

.rela.ctors
 *(.rela.ctors)

.rel.dtors
 *(.rel.dtors)

.rela.dtors
 *(.rela.dtors)

.rel.got
 *(.rel.got)

.rela.got
 *(.rela.got)

.rel.bss
 *(.rel.bss)

.rela.bss
 *(.rela.bss)

.rel.plt
 *(.rel.plt)

.rela.plt
 *(.rela.plt)

.text           0x00000000      0x994
 *(.vectors)
 .vectors       0x00000000       0x7c C:/Program Files (x86)/Atmel/Studio/7.0/Packs/atmel/ATmega_DFP/1.2.209/gcc/dev/atmega644p/avr5/crtatmega644p.o
                0x00000000                __vector_default
                0x00000000                __vectors
 *(.vectors)
 *(.progmem.gcc*)
                0x0000007c                . = ALIGN (0x2)
                0x0000007c                __trampolines_start = .
 *(.trampolines)
 .trampolines   0x0000007c        0x0 linker stubs
 *(.trampolines*)
                0x0000007c                __trampolines_end = .
 *libprintf_flt.a:*(.progmem.data)
 *libc.a:*(.progmem.data)
 *(.progmem*)
                0x0000007c                . = ALIGN (0x2)
 *(.jumptables)
 *(.jumptables*)
 *(.lowtext)
 *(.lowtext*)
                0x0000007c                __ctors_start = .
 *(.ctors)
 .ctors         0x0000007c        0x2 C:\Users\mw\Documents\Atmel Studio\7.0\EEPROM_ARDUINO\EEPROM_ARDUINO\ArduinoCore\Debug\libArduinoCore.a(HardwareSerial0.o)
                0x0000007e                __ctors_end = .
                0x0000007e                __dtors_start = .
 *(.dtors)
                0x0000007e                __dtors_end = .
 SORT(*)(.ctors)
 SORT(*)(.dtors)
 *(.init0)
 .init0         0x0000007e        0x0 C:/Program Files (x86)/Atmel/Studio/7.0/Packs/atmel/ATmega_DFP/1.2.209/gcc/dev/atmega644p/avr5/crtatmega644p.o
                0x0000007e                __init
 *(.init0)
 *(.init1)
 *(.init1)
 *(.init2)
 .init2         0x0000007e        0xc C:/Program Files (x86)/Atmel/Studio/7.0/Packs/atmel/ATmega_DFP/1.2.209/gcc/dev/atmega644p/avr5/crtatmega644p.o
 *(.init2)
 *(.init3)
 *(.init3)
 *(.init4)
 .init4         0x0000008a       0x16 c:/program files (x86)/atmel/studio/7.0/toolchain/avr8/avr8-gnu-toolchain/bin/../lib/gcc/avr/5.4.0/avr5\libgcc.a(_copy_data.o)
                0x0000008a                __do_copy_data
 .init4         0x000000a0       0x10 c:/program files (x86)/atmel/studio/7.0/toolchain/avr8/avr8-gnu-toolchain/bin/../lib/gcc/avr/5.4.0/avr5\libgcc.a(_clear_bss.o)
                0x000000a0                __do_clear_bss
 *(.init4)
 *(.init5)
 *(.init5)
 *(.init6)
 .init6         0x000000b0       0x16 c:/program files (x86)/atmel/studio/7.0/toolchain/avr8/avr8-gnu-toolchain/bin/../lib/gcc/avr/5.4.0/avr5\libgcc.a(_ctors.o)
                0x000000b0                __do_global_ctors
 *(.init6)
 *(.init7)
 *(.init7)
 *(.init8)
 *(.init8)
 *(.init9)
 .init9         0x000000c6        0x8 C:/Program Files (x86)/Atmel/Studio/7.0/Packs/atmel/ATmega_DFP/1.2.209/gcc/dev/atmega644p/avr5/crtatmega644p.o
 *(.init9)
 *(.text)
 .text          0x000000ce        0x4 C:/Program Files (x86)/Atmel/Studio/7.0/Packs/atmel/ATmega_DFP/1.2.209/gcc/dev/atmega644p/avr5/crtatmega644p.o
                0x000000ce                __vector_22
                0x000000ce                __vector_28
                0x000000ce                __vector_1
                0x000000ce                __vector_24
                0x000000ce                __vector_12
                0x000000ce                __bad_interrupt
                0x000000ce                __vector_6
                0x000000ce                __vector_3
                0x000000ce                __vector_23
                0x000000ce                __vector_30
                0x000000ce                __vector_25
                0x000000ce                __vector_11
                0x000000ce                __vector_13
                0x000000ce                __vector_17
                0x000000ce                __vector_19
                0x000000ce                __vector_7
                0x000000ce                __vector_27
                0x000000ce                __vector_5
                0x000000ce                __vector_4
                0x000000ce                __vector_9
                0x000000ce                __vector_2
                0x000000ce                __vector_15
                0x000000ce                __vector_29
                0x000000ce                __vector_8
                0x000000ce                __vector_26
                0x000000ce                __vector_14
                0x000000ce                __vector_10
                0x000000ce                __vector_16
                0x000000d2                . = ALIGN (0x2)
 *(.text.*)
 .text._Z11readMEMinitv
                0x000000d2       0x14 Sketch.o
                0x000000d2                _Z11readMEMinitv
 .text._Z7readMEMj
                0x000000e6       0x10 Sketch.o
                0x000000e6                _Z7readMEMj
 .text._Z10readMEMendv
                0x000000f6        0x8 Sketch.o
                0x000000f6                _Z10readMEMendv
 .text._Z11readMEMbytej
                0x000000fe       0x1e Sketch.o
                0x000000fe                _Z11readMEMbytej
 .text._Z12writeMEMinitv
                0x0000011c       0x10 Sketch.o
                0x0000011c                _Z12writeMEMinitv
 .text._Z8writeMEMjh
                0x0000012c       0x1e Sketch.o
                0x0000012c                _Z8writeMEMjh
 .text._Z11writeMEMendv
                0x0000014a       0x12 Sketch.o
                0x0000014a                _Z11writeMEMendv
 .text._Z12writeMEMbytejh
                0x0000015c       0x2a Sketch.o
                0x0000015c                _Z12writeMEMbytejh
 .text._Z23disableEEPROMprotectionv
                0x00000186       0x44 Sketch.o
                0x00000186                _Z23disableEEPROMprotectionv
 .text.setup    0x000001ca       0x36 Sketch.o
                0x000001ca                setup
 .text.loop     0x00000200       0xe0 Sketch.o
                0x00000200                loop
 .text._ZN14HardwareSerial9availableEv
                0x000002e0       0x18 C:\Users\mw\Documents\Atmel Studio\7.0\EEPROM_ARDUINO\EEPROM_ARDUINO\ArduinoCore\Debug\libArduinoCore.a(HardwareSerial.o)
                0x000002e0                _ZN14HardwareSerial9availableEv
 .text._ZN14HardwareSerial4peekEv
                0x000002f8       0x1c C:\Users\mw\Documents\Atmel Studio\7.0\EEPROM_ARDUINO\EEPROM_ARDUINO\ArduinoCore\Debug\libArduinoCore.a(HardwareSerial.o)
                0x000002f8                _ZN14HardwareSerial4peekEv
 .text._ZN14HardwareSerial4readEv
                0x00000314       0x28 C:\Users\mw\Documents\Atmel Studio\7.0\EEPROM_ARDUINO\EEPROM_ARDUINO\ArduinoCore\Debug\libArduinoCore.a(HardwareSerial.o)
                0x00000314                _ZN14HardwareSerial4readEv
 .text._ZN14HardwareSerial17availableForWriteEv
                0x0000033c       0x1e C:\Users\mw\Documents\Atmel Studio\7.0\EEPROM_ARDUINO\EEPROM_ARDUINO\ArduinoCore\Debug\libArduinoCore.a(HardwareSerial.o)
                0x0000033c                _ZN14HardwareSerial17availableForWriteEv
 .text._Z14serialEventRunv
                0x0000035a       0x3e C:\Users\mw\Documents\Atmel Studio\7.0\EEPROM_ARDUINO\EEPROM_ARDUINO\ArduinoCore\Debug\libArduinoCore.a(HardwareSerial.o)
                0x0000035a                _Z14serialEventRunv
 .text._ZN14HardwareSerial17_tx_udr_empty_irqEv
                0x00000398       0x44 C:\Users\mw\Documents\Atmel Studio\7.0\EEPROM_ARDUINO\EEPROM_ARDUINO\ArduinoCore\Debug\libArduinoCore.a(HardwareSerial.o)
                0x00000398                _ZN14HardwareSerial17_tx_udr_empty_irqEv
 .text._ZN14HardwareSerial5writeEh
                0x000003dc       0x9a C:\Users\mw\Documents\Atmel Studio\7.0\EEPROM_ARDUINO\EEPROM_ARDUINO\ArduinoCore\Debug\libArduinoCore.a(HardwareSerial.o)
                0x000003dc                _ZN14HardwareSerial5writeEh
 .text._ZN14HardwareSerial5flushEv
                0x00000476       0x44 C:\Users\mw\Documents\Atmel Studio\7.0\EEPROM_ARDUINO\EEPROM_ARDUINO\ArduinoCore\Debug\libArduinoCore.a(HardwareSerial.o)
                0x00000476                _ZN14HardwareSerial5flushEv
 .text._ZN14HardwareSerial5beginEmh
                0x000004ba       0xca C:\Users\mw\Documents\Atmel Studio\7.0\EEPROM_ARDUINO\EEPROM_ARDUINO\ArduinoCore\Debug\libArduinoCore.a(HardwareSerial.o)
                0x000004ba                _ZN14HardwareSerial5beginEmh
 .text.__vector_20
                0x00000584       0x64 C:\Users\mw\Documents\Atmel Studio\7.0\EEPROM_ARDUINO\EEPROM_ARDUINO\ArduinoCore\Debug\libArduinoCore.a(HardwareSerial0.o)
                0x00000584                __vector_20
 .text.__vector_21
                0x000005e8       0x4c C:\Users\mw\Documents\Atmel Studio\7.0\EEPROM_ARDUINO\EEPROM_ARDUINO\ArduinoCore\Debug\libArduinoCore.a(HardwareSerial0.o)
                0x000005e8                __vector_21
 .text._Z17Serial0_availablev
                0x00000634       0x14 C:\Users\mw\Documents\Atmel Studio\7.0\EEPROM_ARDUINO\EEPROM_ARDUINO\ArduinoCore\Debug\libArduinoCore.a(HardwareSerial0.o)
                0x00000634                _Z17Serial0_availablev
 .text.startup._GLOBAL__sub_I___vector_20
                0x00000648       0x5a C:\Users\mw\Documents\Atmel Studio\7.0\EEPROM_ARDUINO\EEPROM_ARDUINO\ArduinoCore\Debug\libArduinoCore.a(HardwareSerial0.o)
 .text.initVariant
                0x000006a2        0x2 C:\Users\mw\Documents\Atmel Studio\7.0\EEPROM_ARDUINO\EEPROM_ARDUINO\ArduinoCore\Debug\libArduinoCore.a(main.o)
                0x000006a2                initVariant
 .text.startup.main
                0x000006a4       0x1e C:\Users\mw\Documents\Atmel Studio\7.0\EEPROM_ARDUINO\EEPROM_ARDUINO\ArduinoCore\Debug\libArduinoCore.a(main.o)
                0x000006a4                main
 .text._ZN5Print5writeEPKhj
                0x000006c2       0x54 C:\Users\mw\Documents\Atmel Studio\7.0\EEPROM_ARDUINO\EEPROM_ARDUINO\ArduinoCore\Debug\libArduinoCore.a(Print.o)
                0x000006c2                _ZN5Print5writeEPKhj
 .text._ZN5Print5writeEPKc
                0x00000716       0x2a C:\Users\mw\Documents\Atmel Studio\7.0\EEPROM_ARDUINO\EEPROM_ARDUINO\ArduinoCore\Debug\libArduinoCore.a(Print.o)
                0x00000716                _ZN5Print5writeEPKc
 .text._ZN5Print5printEPKc
                0x00000740        0x4 C:\Users\mw\Documents\Atmel Studio\7.0\EEPROM_ARDUINO\EEPROM_ARDUINO\ArduinoCore\Debug\libArduinoCore.a(Print.o)
                0x00000740                _ZN5Print5printEPKc
 .text._ZN5Print7printlnEv
                0x00000744        0x8 C:\Users\mw\Documents\Atmel Studio\7.0\EEPROM_ARDUINO\EEPROM_ARDUINO\ArduinoCore\Debug\libArduinoCore.a(Print.o)
                0x00000744                _ZN5Print7printlnEv
 .text._ZN5Print7printlnEPKc
                0x0000074c       0x24 C:\Users\mw\Documents\Atmel Studio\7.0\EEPROM_ARDUINO\EEPROM_ARDUINO\ArduinoCore\Debug\libArduinoCore.a(Print.o)
                0x0000074c                _ZN5Print7printlnEPKc
 .text._ZN5Print11printNumberEmh
                0x00000770       0x92 C:\Users\mw\Documents\Atmel Studio\7.0\EEPROM_ARDUINO\EEPROM_ARDUINO\ArduinoCore\Debug\libArduinoCore.a(Print.o)
                0x00000770                _ZN5Print11printNumberEmh
 .text._ZN5Print5printEmi
                0x00000802       0x1a C:\Users\mw\Documents\Atmel Studio\7.0\EEPROM_ARDUINO\EEPROM_ARDUINO\ArduinoCore\Debug\libArduinoCore.a(Print.o)
                0x00000802                _ZN5Print5printEmi
 .text._ZN5Print5printEhi
                0x0000081c        0xe C:\Users\mw\Documents\Atmel Studio\7.0\EEPROM_ARDUINO\EEPROM_ARDUINO\ArduinoCore\Debug\libArduinoCore.a(Print.o)
                0x0000081c                _ZN5Print5printEhi
 .text._ZN5Print5printEji
                0x0000082a        0xc C:\Users\mw\Documents\Atmel Studio\7.0\EEPROM_ARDUINO\EEPROM_ARDUINO\ArduinoCore\Debug\libArduinoCore.a(Print.o)
                0x0000082a                _ZN5Print5printEji
 .text.__vector_18
                0x00000836       0x94 C:\Users\mw\Documents\Atmel Studio\7.0\EEPROM_ARDUINO\EEPROM_ARDUINO\ArduinoCore\Debug\libArduinoCore.a(wiring.o)
                0x00000836                __vector_18
 .text.init     0x000008ca       0x76 C:\Users\mw\Documents\Atmel Studio\7.0\EEPROM_ARDUINO\EEPROM_ARDUINO\ArduinoCore\Debug\libArduinoCore.a(wiring.o)
                0x000008ca                init
 .text.libgcc.div
                0x00000940       0x44 c:/program files (x86)/atmel/studio/7.0/toolchain/avr8/avr8-gnu-toolchain/bin/../lib/gcc/avr/5.4.0/avr5\libgcc.a(_udivmodsi4.o)
                0x00000940                __udivmodsi4
 .text.libgcc   0x00000984        0xc c:/program files (x86)/atmel/studio/7.0/toolchain/avr8/avr8-gnu-toolchain/bin/../lib/gcc/avr/5.4.0/avr5\libgcc.a(_tablejump2.o)
                0x00000984                __tablejump2__
                0x00000990                . = ALIGN (0x2)
 *(.fini9)
 .fini9         0x00000990        0x0 c:/program files (x86)/atmel/studio/7.0/toolchain/avr8/avr8-gnu-toolchain/bin/../lib/gcc/avr/5.4.0/avr5\libgcc.a(_exit.o)
                0x00000990                _exit
                0x00000990                exit
 *(.fini9)
 *(.fini8)
 *(.fini8)
 *(.fini7)
 *(.fini7)
 *(.fini6)
 *(.fini6)
 *(.fini5)
 *(.fini5)
 *(.fini4)
 *(.fini4)
 *(.fini3)
 *(.fini3)
 *(.fini2)
 *(.fini2)
 *(.fini1)
 *(.fini1)
 *(.fini0)
 .fini0         0x00000990        0x4 c:/program files (x86)/atmel/studio/7.0/toolchain/avr8/avr8-gnu-toolchain/bin/../lib/gcc/avr/5.4.0/avr5\libgcc.a(_exit.o)
 *(.fini0)
                0x00000994                _etext = .

.data           0x00800100       0x8e load address 0x00000994
                0x00800100                PROVIDE (__data_start, .)
 *(.data)
 *(.data*)
 *(.gnu.linkonce.d*)
 *(.rodata)
 *(.rodata*)
 .rodata.str1.1
                0x00800100       0x6d Sketch.o
                                 0x70 (size before relaxing)
 .rodata._ZTV14HardwareSerial
                0x0080016d       0x12 C:\Users\mw\Documents\Atmel Studio\7.0\EEPROM_ARDUINO\EEPROM_ARDUINO\ArduinoCore\Debug\libArduinoCore.a(HardwareSerial.o)
                0x0080016d                _ZTV14HardwareSerial
 .rodata.str1.1
                0x0080017f        0xf C:\Users\mw\Documents\Atmel Studio\7.0\EEPROM_ARDUINO\EEPROM_ARDUINO\ArduinoCore\Debug\libArduinoCore.a(Print.o)
 *(.gnu.linkonce.r*)
                0x0080018e                . = ALIGN (0x2)
                0x0080018e                _edata = .
                0x0080018e                PROVIDE (__data_end, .)

.bss            0x0080018e       0xa6
                0x0080018e                PROVIDE (__bss_start, .)
 *(.bss)
 *(.bss*)
 .bss.Serial    0x0080018e       0x9d C:\Users\mw\Documents\Atmel Studio\7.0\EEPROM_ARDUINO\EEPROM_ARDUINO\ArduinoCore\Debug\libArduinoCore.a(HardwareSerial0.o)
                0x0080018e                Serial
 .bss.timer0_fract
                0x0080022b        0x1 C:\Users\mw\Documents\Atmel Studio\7.0\EEPROM_ARDUINO\EEPROM_ARDUINO\ArduinoCore\Debug\libArduinoCore.a(wiring.o)
 .bss.timer0_millis
                0x0080022c        0x4 C:\Users\mw\Documents\Atmel Studio\7.0\EEPROM_ARDUINO\EEPROM_ARDUINO\ArduinoCore\Debug\libArduinoCore.a(wiring.o)
                0x0080022c                timer0_millis
 .bss.timer0_overflow_count
                0x00800230        0x4 C:\Users\mw\Documents\Atmel Studio\7.0\EEPROM_ARDUINO\EEPROM_ARDUINO\ArduinoCore\Debug\libArduinoCore.a(wiring.o)
                0x00800230                timer0_overflow_count
 *(COMMON)
                0x00800234                PROVIDE (__bss_end, .)
                0x00000994                __data_load_start = LOADADDR (.data)
                0x00000a22                __data_load_end = (__data_load_start + SIZEOF (.data))

.noinit         0x00800234        0x0
                [!provide]                PROVIDE (__noinit_start, .)
 *(.noinit*)
                [!provide]                PROVIDE (__noinit_end, .)
                0x00800234                _end = .
                [!provide]                PROVIDE (__heap_start, .)

.eeprom         0x00810000        0x0
 *(.eeprom*)
                0x00810000                __eeprom_end = .

.fuse
 *(.fuse)
 *(.lfuse)
 *(.hfuse)
 *(.efuse)

.lock
 *(.lock*)

.signature
 *(.signature*)

.user_signatures
 *(.user_signatures*)

.stab
 *(.stab)

.stabstr
 *(.stabstr)

.stab.excl
 *(.stab.excl)

.stab.exclstr
 *(.stab.exclstr)

.stab.index
 *(.stab.index)

.stab.indexstr
 *(.stab.indexstr)

.comment        0x00000000       0x30
 *(.comment)
 .comment       0x00000000       0x30 Sketch.o
                                 0x31 (size before relaxing)
 .comment       0x00000030       0x31 C:\Users\mw\Documents\Atmel Studio\7.0\EEPROM_ARDUINO\EEPROM_ARDUINO\ArduinoCore\Debug\libArduinoCore.a(HardwareSerial.o)
 .comment       0x00000030       0x31 C:\Users\mw\Documents\Atmel Studio\7.0\EEPROM_ARDUINO\EEPROM_ARDUINO\ArduinoCore\Debug\libArduinoCore.a(HardwareSerial0.o)
 .comment       0x00000030       0x31 C:\Users\mw\Documents\Atmel Studio\7.0\EEPROM_ARDUINO\EEPROM_ARDUINO\ArduinoCore\Debug\libArduinoCore.a(main.o)
 .comment       0x00000030       0x31 C:\Users\mw\Documents\Atmel Studio\7.0\EEPROM_ARDUINO\EEPROM_ARDUINO\ArduinoCore\Debug\libArduinoCore.a(Print.o)
 .comment       0x00000030       0x31 C:\Users\mw\Documents\Atmel Studio\7.0\EEPROM_ARDUINO\EEPROM_ARDUINO\ArduinoCore\Debug\libArduinoCore.a(wiring.o)

.note.gnu.avr.deviceinfo
                0x00000000       0x40
 .note.gnu.avr.deviceinfo
                0x00000000       0x40 C:/Program Files (x86)/Atmel/Studio/7.0/Packs/atmel/ATmega_DFP/1.2.209/gcc/dev/atmega644p/avr5/crtatmega644p.o

.note.gnu.build-id
 *(.note.gnu.build-id)

.debug
 *(.debug)

.line
 *(.line)

.debug_srcinfo
 *(.debug_srcinfo)

.debug_sfnames
 *(.debug_sfnames)

.debug_aranges  0x00000000      0x2b0
 *(.debug_aranges)
 .debug_aranges
                0x00000000       0x88 Sketch.o
 .debug_aranges
                0x00000088       0x68 C:\Users\mw\Documents\Atmel Studio\7.0\EEPROM_ARDUINO\EEPROM_ARDUINO\ArduinoCore\Debug\libArduinoCore.a(HardwareSerial.o)
 .debug_aranges
                0x000000f0       0x48 C:\Users\mw\Documents\Atmel Studio\7.0\EEPROM_ARDUINO\EEPROM_ARDUINO\ArduinoCore\Debug\libArduinoCore.a(HardwareSerial0.o)
 .debug_aranges
                0x00000138       0x30 C:\Users\mw\Documents\Atmel Studio\7.0\EEPROM_ARDUINO\EEPROM_ARDUINO\ArduinoCore\Debug\libArduinoCore.a(main.o)
 .debug_aranges
                0x00000168      0x100 C:\Users\mw\Documents\Atmel Studio\7.0\EEPROM_ARDUINO\EEPROM_ARDUINO\ArduinoCore\Debug\libArduinoCore.a(Print.o)
 .debug_aranges
                0x00000268       0x48 C:\Users\mw\Documents\Atmel Studio\7.0\EEPROM_ARDUINO\EEPROM_ARDUINO\ArduinoCore\Debug\libArduinoCore.a(wiring.o)

.debug_pubnames
 *(.debug_pubnames)

.debug_info     0x00000000     0x7b2d
 *(.debug_info .gnu.linkonce.wi.*)
 .debug_info    0x00000000      0x6cc C:/Program Files (x86)/Atmel/Studio/7.0/Packs/atmel/ATmega_DFP/1.2.209/gcc/dev/atmega644p/avr5/crtatmega644p.o
 .debug_info    0x000006cc      0xbb2 Sketch.o
 .debug_info    0x0000127e     0x1f98 C:\Users\mw\Documents\Atmel Studio\7.0\EEPROM_ARDUINO\EEPROM_ARDUINO\ArduinoCore\Debug\libArduinoCore.a(HardwareSerial.o)
 .debug_info    0x00003216     0x1b16 C:\Users\mw\Documents\Atmel Studio\7.0\EEPROM_ARDUINO\EEPROM_ARDUINO\ArduinoCore\Debug\libArduinoCore.a(HardwareSerial0.o)
 .debug_info    0x00004d2c      0x237 C:\Users\mw\Documents\Atmel Studio\7.0\EEPROM_ARDUINO\EEPROM_ARDUINO\ArduinoCore\Debug\libArduinoCore.a(main.o)
 .debug_info    0x00004f63     0x28ff C:\Users\mw\Documents\Atmel Studio\7.0\EEPROM_ARDUINO\EEPROM_ARDUINO\ArduinoCore\Debug\libArduinoCore.a(Print.o)
 .debug_info    0x00007862      0x2cb C:\Users\mw\Documents\Atmel Studio\7.0\EEPROM_ARDUINO\EEPROM_ARDUINO\ArduinoCore\Debug\libArduinoCore.a(wiring.o)

.debug_abbrev   0x00000000     0x18e7
 *(.debug_abbrev)
 .debug_abbrev  0x00000000      0x66e C:/Program Files (x86)/Atmel/Studio/7.0/Packs/atmel/ATmega_DFP/1.2.209/gcc/dev/atmega644p/avr5/crtatmega644p.o
 .debug_abbrev  0x0000066e      0x307 Sketch.o
 .debug_abbrev  0x00000975      0x4b7 C:\Users\mw\Documents\Atmel Studio\7.0\EEPROM_ARDUINO\EEPROM_ARDUINO\ArduinoCore\Debug\libArduinoCore.a(HardwareSerial.o)
 .debug_abbrev  0x00000e2c      0x3ce C:\Users\mw\Documents\Atmel Studio\7.0\EEPROM_ARDUINO\EEPROM_ARDUINO\ArduinoCore\Debug\libArduinoCore.a(HardwareSerial0.o)
 .debug_abbrev  0x000011fa      0x12d C:\Users\mw\Documents\Atmel Studio\7.0\EEPROM_ARDUINO\EEPROM_ARDUINO\ArduinoCore\Debug\libArduinoCore.a(main.o)
 .debug_abbrev  0x00001327      0x47a C:\Users\mw\Documents\Atmel Studio\7.0\EEPROM_ARDUINO\EEPROM_ARDUINO\ArduinoCore\Debug\libArduinoCore.a(Print.o)
 .debug_abbrev  0x000017a1      0x146 C:\Users\mw\Documents\Atmel Studio\7.0\EEPROM_ARDUINO\EEPROM_ARDUINO\ArduinoCore\Debug\libArduinoCore.a(wiring.o)

.debug_line     0x00000000     0x18ef
 *(.debug_line .debug_line.* .debug_line_end)
 .debug_line    0x00000000      0x151 C:/Program Files (x86)/Atmel/Studio/7.0/Packs/atmel/ATmega_DFP/1.2.209/gcc/dev/atmega644p/avr5/crtatmega644p.o
 .debug_line    0x00000151      0x5a8 Sketch.o
 .debug_line    0x000006f9      0x4e7 C:\Users\mw\Documents\Atmel Studio\7.0\EEPROM_ARDUINO\EEPROM_ARDUINO\ArduinoCore\Debug\libArduinoCore.a(HardwareSerial.o)
 .debug_line    0x00000be0      0x28c C:\Users\mw\Documents\Atmel Studio\7.0\EEPROM_ARDUINO\EEPROM_ARDUINO\ArduinoCore\Debug\libArduinoCore.a(HardwareSerial0.o)
 .debug_line    0x00000e6c      0x165 C:\Users\mw\Documents\Atmel Studio\7.0\EEPROM_ARDUINO\EEPROM_ARDUINO\ArduinoCore\Debug\libArduinoCore.a(main.o)
 .debug_line    0x00000fd1      0x685 C:\Users\mw\Documents\Atmel Studio\7.0\EEPROM_ARDUINO\EEPROM_ARDUINO\ArduinoCore\Debug\libArduinoCore.a(Print.o)
 .debug_line    0x00001656      0x299 C:\Users\mw\Documents\Atmel Studio\7.0\EEPROM_ARDUINO\EEPROM_ARDUINO\ArduinoCore\Debug\libArduinoCore.a(wiring.o)

.debug_frame    0x00000000      0x83c
 *(.debug_frame)
 .debug_frame   0x00000000      0x188 Sketch.o
 .debug_frame   0x00000188      0x110 C:\Users\mw\Documents\Atmel Studio\7.0\EEPROM_ARDUINO\EEPROM_ARDUINO\ArduinoCore\Debug\libArduinoCore.a(HardwareSerial.o)
 .debug_frame   0x00000298       0xe0 C:\Users\mw\Documents\Atmel Studio\7.0\EEPROM_ARDUINO\EEPROM_ARDUINO\ArduinoCore\Debug\libArduinoCore.a(HardwareSerial0.o)
 .debug_frame   0x00000378       0x54 C:\Users\mw\Documents\Atmel Studio\7.0\EEPROM_ARDUINO\EEPROM_ARDUINO\ArduinoCore\Debug\libArduinoCore.a(main.o)
 .debug_frame   0x000003cc      0x3ac C:\Users\mw\Documents\Atmel Studio\7.0\EEPROM_ARDUINO\EEPROM_ARDUINO\ArduinoCore\Debug\libArduinoCore.a(Print.o)
 .debug_frame   0x00000778       0xc4 C:\Users\mw\Documents\Atmel Studio\7.0\EEPROM_ARDUINO\EEPROM_ARDUINO\ArduinoCore\Debug\libArduinoCore.a(wiring.o)

.debug_str      0x00000000     0x2097
 *(.debug_str)
 .debug_str     0x00000000      0x252 C:/Program Files (x86)/Atmel/Studio/7.0/Packs/atmel/ATmega_DFP/1.2.209/gcc/dev/atmega644p/avr5/crtatmega644p.o
 .debug_str     0x00000252      0x4eb Sketch.o
                                0x53d (size before relaxing)
 .debug_str     0x0000073d     0x1372 C:\Users\mw\Documents\Atmel Studio\7.0\EEPROM_ARDUINO\EEPROM_ARDUINO\ArduinoCore\Debug\libArduinoCore.a(HardwareSerial.o)
                               0x165f (size before relaxing)
 .debug_str     0x00001aaf       0xca C:\Users\mw\Documents\Atmel Studio\7.0\EEPROM_ARDUINO\EEPROM_ARDUINO\ArduinoCore\Debug\libArduinoCore.a(HardwareSerial0.o)
                               0x140a (size before relaxing)
 .debug_str     0x00001b79       0x37 C:\Users\mw\Documents\Atmel Studio\7.0\EEPROM_ARDUINO\EEPROM_ARDUINO\ArduinoCore\Debug\libArduinoCore.a(main.o)
                                0x2b6 (size before relaxing)
 .debug_str     0x00001bb0      0x38e C:\Users\mw\Documents\Atmel Studio\7.0\EEPROM_ARDUINO\EEPROM_ARDUINO\ArduinoCore\Debug\libArduinoCore.a(Print.o)
                               0x1244 (size before relaxing)
 .debug_str     0x00001f3e      0x159 C:\Users\mw\Documents\Atmel Studio\7.0\EEPROM_ARDUINO\EEPROM_ARDUINO\ArduinoCore\Debug\libArduinoCore.a(wiring.o)
                                0x24c (size before relaxing)

.debug_loc      0x00000000     0x2d96
 *(.debug_loc)
 .debug_loc     0x00000000      0x7f6 Sketch.o
 .debug_loc     0x000007f6      0x4dc C:\Users\mw\Documents\Atmel Studio\7.0\EEPROM_ARDUINO\EEPROM_ARDUINO\ArduinoCore\Debug\libArduinoCore.a(HardwareSerial.o)
 .debug_loc     0x00000cd2      0x1b0 C:\Users\mw\Documents\Atmel Studio\7.0\EEPROM_ARDUINO\EEPROM_ARDUINO\ArduinoCore\Debug\libArduinoCore.a(HardwareSerial0.o)
 .debug_loc     0x00000e82     0x1c87 C:\Users\mw\Documents\Atmel Studio\7.0\EEPROM_ARDUINO\EEPROM_ARDUINO\ArduinoCore\Debug\libArduinoCore.a(Print.o)
 .debug_loc     0x00002b09      0x28d C:\Users\mw\Documents\Atmel Studio\7.0\EEPROM_ARDUINO\EEPROM_ARDUINO\ArduinoCore\Debug\libArduinoCore.a(wiring.o)

.debug_macinfo
 *(.debug_macinfo)

.debug_weaknames
 *(.debug_weaknames)

.debug_funcnames
 *(.debug_funcnames)

.debug_typenames
 *(.debug_typenames)

.debug_varnames
 *(.debug_varnames)

.debug_pubtypes
 *(.debug_pubtypes)

.debug_ranges   0x00000000      0x280
 *(.debug_ranges)
 .debug_ranges  0x00000000       0x78 Sketch.o
 .debug_ranges  0x00000078       0x58 C:\Users\mw\Documents\Atmel Studio\7.0\EEPROM_ARDUINO\EEPROM_ARDUINO\ArduinoCore\Debug\libArduinoCore.a(HardwareSerial.o)
 .debug_ranges  0x000000d0       0x38 C:\Users\mw\Documents\Atmel Studio\7.0\EEPROM_ARDUINO\EEPROM_ARDUINO\ArduinoCore\Debug\libArduinoCore.a(HardwareSerial0.o)
 .debug_ranges  0x00000108       0x20 C:\Users\mw\Documents\Atmel Studio\7.0\EEPROM_ARDUINO\EEPROM_ARDUINO\ArduinoCore\Debug\libArduinoCore.a(main.o)
 .debug_ranges  0x00000128      0x120 C:\Users\mw\Documents\Atmel Studio\7.0\EEPROM_ARDUINO\EEPROM_ARDUINO\ArduinoCore\Debug\libArduinoCore.a(Print.o)
 .debug_ranges  0x00000248       0x38 C:\Users\mw\Documents\Atmel Studio\7.0\EEPROM_ARDUINO\EEPROM_ARDUINO\ArduinoCore\Debug\libArduinoCore.a(wiring.o)

.debug_macro
 *(.debug_macro)
OUTPUT(644_EEPROM.elf elf32-avr)
LOAD linker stubs
